
Memory Configuration

Name             Origin             Length             Attributes
*default*        0x00000000         0xffffffff

Linker script and memory map

Address of section .text set to 0x3000000
LOAD build/jp/actors/common1.o
                [!provide]                        PROVIDE (__executable_start = SEGMENT_START ("text-segment", 0x400000))
                0x00400094                        . = (SEGMENT_START ("text-segment", 0x400000) + SIZEOF_HEADERS)

.interp
 *(.interp)

.MIPS.abiflags
 *(.MIPS.abiflags)

.reginfo        0x00400094       0x18
 *(.reginfo)
 .reginfo       0x00400094       0x18 build/jp/actors/common1.o

.MIPS.xhash
 *(.MIPS.xhash)

.note.gnu.build-id
 *(.note.gnu.build-id)

.dynamic
 *(.dynamic)

.hash
 *(.hash)

.gnu.hash
 *(.gnu.hash)

.dynsym
 *(.dynsym)

.dynstr
 *(.dynstr)

.gnu.version
 *(.gnu.version)

.gnu.version_d
 *(.gnu.version_d)

.gnu.version_r
 *(.gnu.version_r)

.rel.dyn        0x004000ac        0x0
 *(.rel.init)
 *(.rel.text .rel.text.* .rel.gnu.linkonce.t.*)
 *(.rel.fini)
 *(.rel.rodata .rel.rodata.* .rel.gnu.linkonce.r.*)
 *(.rel.data.rel.ro .rel.data.rel.ro.* .rel.gnu.linkonce.d.rel.ro.*)
 *(.rel.data .rel.data.* .rel.gnu.linkonce.d.*)
 *(.rel.tdata .rel.tdata.* .rel.gnu.linkonce.td.*)
 *(.rel.tbss .rel.tbss.* .rel.gnu.linkonce.tb.*)
 *(.rel.ctors)
 *(.rel.dtors)
 *(.rel.got)
 *(.rel.dyn)
 .rel.dyn       0x004000ac        0x0 build/jp/actors/common1.o
 *(.rel.sdata .rel.sdata.* .rel.gnu.linkonce.s.*)
 *(.rel.sbss .rel.sbss.* .rel.gnu.linkonce.sb.*)
 *(.rel.sdata2 .rel.sdata2.* .rel.gnu.linkonce.s2.*)
 *(.rel.sbss2 .rel.sbss2.* .rel.gnu.linkonce.sb2.*)
 *(.rel.bss .rel.bss.* .rel.gnu.linkonce.b.*)
                [!provide]                        PROVIDE (__rel_iplt_start = .)
 *(.rel.iplt)
                [!provide]                        PROVIDE (__rel_iplt_end = .)

.rela.dyn       0x004000ac        0x0
 *(.rela.init)
 *(.rela.text .rela.text.* .rela.gnu.linkonce.t.*)
 *(.rela.fini)
 *(.rela.rodata .rela.rodata.* .rela.gnu.linkonce.r.*)
 *(.rela.data .rela.data.* .rela.gnu.linkonce.d.*)
 *(.rela.tdata .rela.tdata.* .rela.gnu.linkonce.td.*)
 *(.rela.tbss .rela.tbss.* .rela.gnu.linkonce.tb.*)
 *(.rela.ctors)
 *(.rela.dtors)
 *(.rela.got)
 *(.rela.sdata .rela.sdata.* .rela.gnu.linkonce.s.*)
 *(.rela.sbss .rela.sbss.* .rela.gnu.linkonce.sb.*)
 *(.rela.sdata2 .rela.sdata2.* .rela.gnu.linkonce.s2.*)
 *(.rela.sbss2 .rela.sbss2.* .rela.gnu.linkonce.sb2.*)
 *(.rela.bss .rela.bss.* .rela.gnu.linkonce.b.*)
                [!provide]                        PROVIDE (__rela_iplt_start = .)
 *(.rela.iplt)
                [!provide]                        PROVIDE (__rela_iplt_end = .)

.rel.plt
 *(.rel.plt)

.rela.plt
 *(.rela.plt)

.init
 *(SORT_NONE(.init))

.text           0x03000000        0x0
                0x03000000                        _ftext = .
 *(.text.unlikely .text.*_unlikely .text.unlikely.*)
 *(.text.exit .text.exit.*)
 *(.text.startup .text.startup.*)
 *(.text.hot .text.hot.*)
 *(SORT_BY_NAME(.text.sorted.*))
 *(.text .stub .text.* .gnu.linkonce.t.*)
 *(.gnu.warning)
 *(.mips16.fn.*)
 *(.mips16.call.*)

.fini
 *(SORT_NONE(.fini))
                [!provide]                        PROVIDE (__etext = .)
                [!provide]                        PROVIDE (_etext = .)
                [!provide]                        PROVIDE (etext = .)

.rodata
 *(.rodata .rodata.* .gnu.linkonce.r.*)

.rodata1
 *(.rodata1)

.sdata2
 *(.sdata2 .sdata2.* .gnu.linkonce.s2.*)

.sbss2
 *(.sbss2 .sbss2.* .gnu.linkonce.sb2.*)

.eh_frame_hdr
 *(.eh_frame_hdr)
 *(.eh_frame_entry .eh_frame_entry.*)

.eh_frame
 *(.eh_frame)
 *(.eh_frame.*)

.sframe
 *(.sframe)
 *(.sframe.*)

.gcc_except_table
 *(.gcc_except_table .gcc_except_table.*)

.gnu_extab
 *(.gnu_extab*)

.exception_ranges
 *(.exception_ranges*)

.plt
 *(.plt)

.iplt
 *(.iplt)
                0x03000000                        . = DATA_SEGMENT_ALIGN (CONSTANT (MAXPAGESIZE), CONSTANT (COMMONPAGESIZE))

.eh_frame
 *(.eh_frame)
 *(.eh_frame.*)

.sframe
 *(.sframe)
 *(.sframe.*)

.gnu_extab
 *(.gnu_extab)

.gcc_except_table
 *(.gcc_except_table .gcc_except_table.*)

.exception_ranges
 *(.exception_ranges*)

.tdata          0x03000000        0x0
                [!provide]                        PROVIDE (__tdata_start = .)
 *(.tdata .tdata.* .gnu.linkonce.td.*)

.tbss
 *(.tbss .tbss.* .gnu.linkonce.tb.*)
 *(.tcommon)

.preinit_array  0x03000000        0x0
                [!provide]                        PROVIDE (__preinit_array_start = .)
 *(.preinit_array)
                [!provide]                        PROVIDE (__preinit_array_end = .)

.init_array     0x03000000        0x0
                [!provide]                        PROVIDE (__init_array_start = .)
 *(SORT_BY_INIT_PRIORITY(.init_array.*) SORT_BY_INIT_PRIORITY(.ctors.*))
 *(.init_array EXCLUDE_FILE(*crtend?.o *crtend.o *crtbegin?.o *crtbegin.o) .ctors)
                [!provide]                        PROVIDE (__init_array_end = .)

.fini_array     0x03000000        0x0
                [!provide]                        PROVIDE (__fini_array_start = .)
 *(SORT_BY_INIT_PRIORITY(.fini_array.*) SORT_BY_INIT_PRIORITY(.dtors.*))
 *(.fini_array EXCLUDE_FILE(*crtend?.o *crtend.o *crtbegin?.o *crtbegin.o) .dtors)
                [!provide]                        PROVIDE (__fini_array_end = .)

.ctors
 *crtbegin.o(.ctors)
 *crtbegin?.o(.ctors)
 *(EXCLUDE_FILE(*crtend?.o *crtend.o) .ctors)
 *(SORT_BY_NAME(.ctors.*))
 *(.ctors)

.dtors
 *crtbegin.o(.dtors)
 *crtbegin?.o(.dtors)
 *(EXCLUDE_FILE(*crtend?.o *crtend.o) .dtors)
 *(SORT_BY_NAME(.dtors.*))
 *(.dtors)

.jcr
 *(.jcr)

.data.rel.ro
 *(.data.rel.ro.local* .gnu.linkonce.d.rel.ro.local.*)
 *(.data.rel.ro .data.rel.ro.* .gnu.linkonce.d.rel.ro.*)
                0x03000000                        . = DATA_SEGMENT_RELRO_END (., 0x0)

.got.plt
 *(.got.plt)

.data           0x03000000    0x47380
                0x03000000                        _fdata = .
 *(.data .data.* .gnu.linkonce.d.*)
 .data          0x03000000    0x47380 build/jp/actors/common1.o
                0x03000880                mist_seg3_dl_03000880
                0x03000920                mist_seg3_dl_03000920
                0x03004208                explosion_seg3_dl_03004208
                0x03004298                explosion_seg3_dl_03004298
                0x030042b0                explosion_seg3_dl_030042B0
                0x030042c8                explosion_seg3_dl_030042C8
                0x030042e0                explosion_seg3_dl_030042E0
                0x030042f8                explosion_seg3_dl_030042F8
                0x03004310                explosion_seg3_dl_03004310
                0x03004328                explosion_seg3_dl_03004328
                0x03005408                butterfly_seg3_dl_03005408
                0x030054a0                butterfly_seg3_dl_030054A0
                0x030056b0                butterfly_seg3_anims_030056B0
                0x03007768                RCP_coin1
                0x03007780                RCP_coin2
                0x03007798                RCP_coin3
                0x030077b0                RCP_coin4
                0x03008c28                warp_pipe_seg3_dl_03008E40
                0x03008d80                warp_pipe_seg3_dl_03008F98
                0x03009750                warp_pipe_seg3_dl_03009968
                0x03009808                warp_pipe_seg3_dl_03009A20
                0x03009838                warp_pipe_seg3_dl_03009A50
                0x030098b0                warp_pipe_seg3_collision_03009AC8
                0x030139f8                door_seg3_dl_03013C10
                0x03013ab0                door_seg3_dl_03013CC8
                0x03013b60                door_seg3_dl_03013D78
                0x03013c10                door_seg3_dl_03013E28
                0x03013c90                door_seg3_dl_03013EA8
                0x03013e08                door_seg3_dl_03014020
                0x03013ee8                door_seg3_dl_03014100
                0x03013f10                door_seg3_dl_03014128
                0x03013fa8                door_seg3_dl_030141C0
                0x03014000                door_seg3_dl_03014218
                0x03014038                door_seg3_dl_03014250
                0x03014068                door_seg3_dl_03014280
                0x03014098                door_seg3_dl_030142B0
                0x030140c8                door_seg3_dl_030142E0
                0x030140f8                door_seg3_dl_03014310
                0x03014128                door_seg3_dl_03014340
                0x03014258                door_seg3_dl_03014470
                0x030142c8                door_seg3_dl_030144E0
                0x03014310                door_seg3_dl_03014528
                0x03014328                door_seg3_dl_03014540
                0x03014670                door_seg3_dl_03014888
                0x030147a8                door_seg3_dl_030149C0
                0x03014808                door_seg3_dl_03014A20
                0x03014838                door_seg3_dl_03014A50
                0x03014868                door_seg3_dl_03014A80
                0x03014918                door_seg3_dl_03014B30
                0x030149c8                door_seg3_dl_03014BE0
                0x03014a78                door_seg3_dl_03014C90
                0x03014b28                door_seg3_dl_03014D40
                0x03014cd8                door_seg3_dl_03014EF0
                0x03014d18                door_seg3_dl_03014F30
                0x03014d50                door_seg3_dl_03014F68
                0x03014d80                door_seg3_dl_03014F98
                0x03014df0                door_seg3_dl_03015008
                0x03014e60                door_seg3_dl_03015078
                0x03014ed0                door_seg3_dl_030150E8
                0x03014f40                door_seg3_dl_03015158
                0x030154a8                door_seg3_anims_030156C0
                0x03015fe0                bowser_key_dl
                0x030170b8                bowser_key_seg3_anims_list
                0x0301b108                flame_seg3_dl_0301B320
                0x0301b198                flame_seg3_dl_0301B3B0
                0x0301b1b0                flame_seg3_dl_0301B3C8
                0x0301b1c8                flame_seg3_dl_0301B3E0
                0x0301b1e0                flame_seg3_dl_0301B3F8
                0x0301b1f8                flame_seg3_dl_0301B410
                0x0301b210                flame_seg3_dl_0301B428
                0x0301b228                flame_seg3_dl_0301B440
                0x0301b240                flame_seg3_dl_0301B458
                0x0301b258                flame_seg3_dl_0301B470
                0x0301b2e8                flame_seg3_dl_0301B500
                0x0301b300                flame_seg3_dl_0301B518
                0x0301b318                flame_seg3_dl_0301B530
                0x0301b330                flame_seg3_dl_0301B548
                0x0301b348                flame_seg3_dl_0301B560
                0x0301b360                flame_seg3_dl_0301B578
                0x0301b378                flame_seg3_dl_0301B590
                0x0301b390                flame_seg3_dl_0301B5A8
                0x0301bca8                blue_fish_seg3_dl_0301BEC0
                0x0301bda0                blue_fish_seg3_dl_0301BFB8
                0x0301be90                blue_fish_seg3_dl_0301C0A8
                0x0301bf38                blue_fish_seg3_dl_0301C150
                0x0301c098                blue_fish_seg3_anims_0301C2B0
                0x0301c8e8                pebble_seg3_dl_0301CB00
                0x0301cbc8                leaves_seg3_dl_0301CDE0
                0x0301cc60                door_seg3_collision_0301CE78
                0x0301ccb4                lll_hexagonal_mesh_seg3_collision_0301CECC
                0x03022918                mario_cap_seg3_dl_03022B30
                0x03022950                mario_cap_seg3_dl_03022B68
                0x03022ab0                mario_cap_seg3_dl_03022CC8
                0x03022af8                mario_cap_seg3_dl_03022D10
                0x03022c60                mario_cap_seg3_dl_03022E78
                0x03022c90                mario_cap_seg3_dl_03022EA8
                0x03022cc0                mario_cap_seg3_dl_03022ED8
                0x03022d08                mario_cap_seg3_dl_03022F20
                0x03022d30                mario_cap_seg3_dl_03022F48
                0x03022de0                mario_cap_seg3_dl_03022FF8
                0x03022e98                mario_cap_seg3_dl_030230B0
                0x03022ef0                mario_cap_seg3_dl_03023108
                0x03022f48                mario_cap_seg3_dl_03023160
                0x03023080                mario_cap_seg3_dl_03023298
                0x030351c0                power_meter_health_segments_lut
                0x03035288                dl_power_meter_base
                0x03036338                mushroom_1up_seg3_dl_0302A628
                0x03036370                mushroom_1up_seg3_dl_0302A660
                0x0303e490                RCP_star1
                0x0303e4a8                RCP_star2
                0x0303e4c0                RCP_star3
                0x0303e4d8                RCP_star4
                0x0303e4f0                RCP_star5
                0x0303e508                RCP_star6
                0x0303e520                RCP_star7
                0x0303e538                RCP_star8
                0x0303e5b8                RCP_star_dust1
                0x0303e5d0                RCP_star_dust2
                0x0303e5e8                RCP_star_dust3
                0x0303e600                RCP_star_dust4
                0x0303e618                RCP_star_dust5
                0x0303e630                RCP_star_dust6
                0x0303e648                RCP_star_dust7
                0x0303e660                RCP_star_dust8
                0x0303e8c0                sand_seg3_dl_0302BCD0
                0x0303ebe8                dirt_seg3_dl_0302BFF8
                0x0303ec18                dirt_seg3_dl_0302C028
                0x0303ee28                dirt_seg3_dl_0302C238
                0x0303ee88                dirt_seg3_dl_0302C298
                0x0303eea8                dirt_seg3_dl_0302C2B8
                0x0303eec8                dirt_seg3_dl_0302C2D8
                0x0303eee8                dirt_seg3_dl_0302C2F8
                0x0303ef08                dirt_seg3_dl_0302C318
                0x0303ef68                dirt_seg3_dl_0302C378
                0x0303efa0                dirt_seg3_dl_0302C3B0
                0x0303efd8                dirt_seg3_dl_0302C3E8
                0x0303f010                dirt_seg3_dl_0302C420
                0x0303f048                dirt_seg3_dl_0302C458
                0x0303f8b8                gfx_dotstar
                0x0303fb90                white_particle_dl
                0x03040cb8                wooden_signpost_seg3_dl_0302D9C8
                0x03040d38                wooden_signpost_seg3_dl_0302DA48
                0x03040f30                wooden_signpost_seg3_dl_0302DC40
                0x03040fc0                wooden_signpost_seg3_dl_0302DCD0
                0x03040ff8                wooden_signpost_seg3_dl_0302DD08
                0x03041070                wooden_signpost_seg3_collision_0302DD80
                0x03043200                RCP_main_tree
                0x03047318                RCP_tree02
                0x03047330                RCP_tree03
                0x03047348                RCP_tree04
                0x03047360                RCP_tree05

.data1
 *(.data1)
                0x03047380                        . = .
                0x0304f370                        _gp = (ALIGN (0x10) + 0x7ff0)

.got
 *(.got)

.sdata
 *(.sdata .sdata.* .gnu.linkonce.s.*)

.lit8
 *(.lit8)

.lit4
 *(.lit4)
                0x03047380                        _edata = .
                [!provide]                        PROVIDE (edata = .)
                0x03047380                        . = .
                0x03047380                        __bss_start = .
                0x03047380                        _fbss = .

.sbss
 *(.dynsbss)
 *(.sbss .sbss.* .gnu.linkonce.sb.*)
 *(.scommon)

.bss            0x03047380        0x0
 *(.dynbss)
 *(.bss .bss.* .gnu.linkonce.b.*)
 *(COMMON)
                0x03047380                        . = ALIGN ((. != 0x0)?0x4:0x1)
                0x03047380                        . = ALIGN (0x4)
                0x03047380                        . = SEGMENT_START ("ldata-segment", .)
                0x03047380                        . = ALIGN (0x4)
                0x03047380                        _end = .
                [!provide]                        PROVIDE (end = .)
                0x03047380                        . = DATA_SEGMENT_END (.)

.stab
 *(.stab)

.stabstr
 *(.stabstr)

.stab.excl
 *(.stab.excl)

.stab.exclstr
 *(.stab.exclstr)

.stab.index
 *(.stab.index)

.stab.indexstr
 *(.stab.indexstr)

.comment
 *(.comment)

.options        0x00000000       0x20
 .options       0x00000000       0x20 build/jp/actors/common1.o

.gnu.build.attributes
 *(.gnu.build.attributes .gnu.build.attributes.*)

.debug
 *(.debug)

.line
 *(.line)

.debug_srcinfo
 *(.debug_srcinfo)

.debug_sfnames
 *(.debug_sfnames)

.debug_aranges
 *(.debug_aranges)

.debug_pubnames
 *(.debug_pubnames)

.debug_info
 *(.debug_info .gnu.linkonce.wi.*)

.debug_abbrev
 *(.debug_abbrev)

.debug_line
 *(.debug_line .debug_line.* .debug_line_end)

.debug_frame
 *(.debug_frame)

.debug_str
 *(.debug_str)

.debug_loc
 *(.debug_loc)

.debug_macinfo
 *(.debug_macinfo)

.debug_weaknames
 *(.debug_weaknames)

.debug_funcnames
 *(.debug_funcnames)

.debug_typenames
 *(.debug_typenames)

.debug_varnames
 *(.debug_varnames)

.debug_pubtypes
 *(.debug_pubtypes)

.debug_ranges
 *(.debug_ranges)

.debug_addr
 *(.debug_addr)

.debug_line_str
 *(.debug_line_str)

.debug_loclists
 *(.debug_loclists)

.debug_macro
 *(.debug_macro)

.debug_names
 *(.debug_names)

.debug_rnglists
 *(.debug_rnglists)

.debug_str_offsets
 *(.debug_str_offsets)

.debug_sup
 *(.debug_sup)

.gnu.attributes
 *(.gnu.attributes)

.gptab.sdata    0x03047380      0x160
 *(.gptab.data)
 .gptab.data    0x03047380      0x160 build/jp/actors/common1.o
 *(.gptab.sdata)

.gptab.sbss
 *(.gptab.bss)
 *(.gptab.sbss)

.mdebug.abi32
 *(.mdebug.abi32)

.mdebug.abiN32
 *(.mdebug.abiN32)

.mdebug.abi64
 *(.mdebug.abi64)

.mdebug.abiO64
 *(.mdebug.abiO64)

.mdebug.eabi32
 *(.mdebug.eabi32)

.mdebug.eabi64
 *(.mdebug.eabi64)

.gcc_compiled_long32
 *(.gcc_compiled_long32)

.gcc_compiled_long64
 *(.gcc_compiled_long64)

/DISCARD/
 *(.note.GNU-stack)
 *(.gnu_debuglink)
 *(.gnu.lto_*)
OUTPUT(build/jp/actors/common1.elf elf32-tradbigmips)

.mdebug         0x00000000     0xf704
 .mdebug        0x00000000    0x12954 build/jp/actors/common1.o
