
Memory Configuration

Name             Origin             Length             Attributes
*default*        0x00000000         0xffffffff

Linker script and memory map

Address of section .text set to 0x5000000
LOAD build/jp/actors/group6.o
                [!provide]                        PROVIDE (__executable_start = SEGMENT_START ("text-segment", 0x400000))
                0x00400094                        . = (SEGMENT_START ("text-segment", 0x400000) + SIZEOF_HEADERS)

.interp
 *(.interp)

.MIPS.abiflags
 *(.MIPS.abiflags)

.reginfo        0x00400094       0x18
 *(.reginfo)
 .reginfo       0x00400094       0x18 build/jp/actors/group6.o

.MIPS.xhash
 *(.MIPS.xhash)

.note.gnu.build-id
 *(.note.gnu.build-id)

.dynamic
 *(.dynamic)

.hash
 *(.hash)

.gnu.hash
 *(.gnu.hash)

.dynsym
 *(.dynsym)

.dynstr
 *(.dynstr)

.gnu.version
 *(.gnu.version)

.gnu.version_d
 *(.gnu.version_d)

.gnu.version_r
 *(.gnu.version_r)

.rel.dyn        0x004000ac        0x0
 *(.rel.init)
 *(.rel.text .rel.text.* .rel.gnu.linkonce.t.*)
 *(.rel.fini)
 *(.rel.rodata .rel.rodata.* .rel.gnu.linkonce.r.*)
 *(.rel.data.rel.ro .rel.data.rel.ro.* .rel.gnu.linkonce.d.rel.ro.*)
 *(.rel.data .rel.data.* .rel.gnu.linkonce.d.*)
 *(.rel.tdata .rel.tdata.* .rel.gnu.linkonce.td.*)
 *(.rel.tbss .rel.tbss.* .rel.gnu.linkonce.tb.*)
 *(.rel.ctors)
 *(.rel.dtors)
 *(.rel.got)
 *(.rel.dyn)
 .rel.dyn       0x004000ac        0x0 build/jp/actors/group6.o
 *(.rel.sdata .rel.sdata.* .rel.gnu.linkonce.s.*)
 *(.rel.sbss .rel.sbss.* .rel.gnu.linkonce.sb.*)
 *(.rel.sdata2 .rel.sdata2.* .rel.gnu.linkonce.s2.*)
 *(.rel.sbss2 .rel.sbss2.* .rel.gnu.linkonce.sb2.*)
 *(.rel.bss .rel.bss.* .rel.gnu.linkonce.b.*)
                [!provide]                        PROVIDE (__rel_iplt_start = .)
 *(.rel.iplt)
                [!provide]                        PROVIDE (__rel_iplt_end = .)

.rela.dyn       0x004000ac        0x0
 *(.rela.init)
 *(.rela.text .rela.text.* .rela.gnu.linkonce.t.*)
 *(.rela.fini)
 *(.rela.rodata .rela.rodata.* .rela.gnu.linkonce.r.*)
 *(.rela.data .rela.data.* .rela.gnu.linkonce.d.*)
 *(.rela.tdata .rela.tdata.* .rela.gnu.linkonce.td.*)
 *(.rela.tbss .rela.tbss.* .rela.gnu.linkonce.tb.*)
 *(.rela.ctors)
 *(.rela.dtors)
 *(.rela.got)
 *(.rela.sdata .rela.sdata.* .rela.gnu.linkonce.s.*)
 *(.rela.sbss .rela.sbss.* .rela.gnu.linkonce.sb.*)
 *(.rela.sdata2 .rela.sdata2.* .rela.gnu.linkonce.s2.*)
 *(.rela.sbss2 .rela.sbss2.* .rela.gnu.linkonce.sb2.*)
 *(.rela.bss .rela.bss.* .rela.gnu.linkonce.b.*)
                [!provide]                        PROVIDE (__rela_iplt_start = .)
 *(.rela.iplt)
                [!provide]                        PROVIDE (__rela_iplt_end = .)

.rel.plt
 *(.rel.plt)

.rela.plt
 *(.rela.plt)

.init
 *(SORT_NONE(.init))

.text           0x05000000        0x0
                0x05000000                        _ftext = .
 *(.text.unlikely .text.*_unlikely .text.unlikely.*)
 *(.text.exit .text.exit.*)
 *(.text.startup .text.startup.*)
 *(.text.hot .text.hot.*)
 *(SORT_BY_NAME(.text.sorted.*))
 *(.text .stub .text.* .gnu.linkonce.t.*)
 *(.gnu.warning)
 *(.mips16.fn.*)
 *(.mips16.call.*)

.fini
 *(SORT_NONE(.fini))
                [!provide]                        PROVIDE (__etext = .)
                [!provide]                        PROVIDE (_etext = .)
                [!provide]                        PROVIDE (etext = .)

.rodata
 *(.rodata .rodata.* .gnu.linkonce.r.*)

.rodata1
 *(.rodata1)

.sdata2
 *(.sdata2 .sdata2.* .gnu.linkonce.s2.*)

.sbss2
 *(.sbss2 .sbss2.* .gnu.linkonce.sb2.*)

.eh_frame_hdr
 *(.eh_frame_hdr)
 *(.eh_frame_entry .eh_frame_entry.*)

.eh_frame
 *(.eh_frame)
 *(.eh_frame.*)

.sframe
 *(.sframe)
 *(.sframe.*)

.gcc_except_table
 *(.gcc_except_table .gcc_except_table.*)

.gnu_extab
 *(.gnu_extab*)

.exception_ranges
 *(.exception_ranges*)

.plt
 *(.plt)

.iplt
 *(.iplt)
                0x05000000                        . = DATA_SEGMENT_ALIGN (CONSTANT (MAXPAGESIZE), CONSTANT (COMMONPAGESIZE))

.eh_frame
 *(.eh_frame)
 *(.eh_frame.*)

.sframe
 *(.sframe)
 *(.sframe.*)

.gnu_extab
 *(.gnu_extab)

.gcc_except_table
 *(.gcc_except_table .gcc_except_table.*)

.exception_ranges
 *(.exception_ranges*)

.tdata          0x05000000        0x0
                [!provide]                        PROVIDE (__tdata_start = .)
 *(.tdata .tdata.* .gnu.linkonce.td.*)

.tbss
 *(.tbss .tbss.* .gnu.linkonce.tb.*)
 *(.tcommon)

.preinit_array  0x05000000        0x0
                [!provide]                        PROVIDE (__preinit_array_start = .)
 *(.preinit_array)
                [!provide]                        PROVIDE (__preinit_array_end = .)

.init_array     0x05000000        0x0
                [!provide]                        PROVIDE (__init_array_start = .)
 *(SORT_BY_INIT_PRIORITY(.init_array.*) SORT_BY_INIT_PRIORITY(.ctors.*))
 *(.init_array EXCLUDE_FILE(*crtend?.o *crtend.o *crtbegin?.o *crtbegin.o) .ctors)
                [!provide]                        PROVIDE (__init_array_end = .)

.fini_array     0x05000000        0x0
                [!provide]                        PROVIDE (__fini_array_start = .)
 *(SORT_BY_INIT_PRIORITY(.fini_array.*) SORT_BY_INIT_PRIORITY(.dtors.*))
 *(.fini_array EXCLUDE_FILE(*crtend?.o *crtend.o *crtbegin?.o *crtbegin.o) .dtors)
                [!provide]                        PROVIDE (__fini_array_end = .)

.ctors
 *crtbegin.o(.ctors)
 *crtbegin?.o(.ctors)
 *(EXCLUDE_FILE(*crtend?.o *crtend.o) .ctors)
 *(SORT_BY_NAME(.ctors.*))
 *(.ctors)

.dtors
 *crtbegin.o(.dtors)
 *crtbegin?.o(.dtors)
 *(EXCLUDE_FILE(*crtend?.o *crtend.o) .dtors)
 *(SORT_BY_NAME(.dtors.*))
 *(.dtors)

.jcr
 *(.jcr)

.data.rel.ro
 *(.data.rel.ro.local* .gnu.linkonce.d.rel.ro.local.*)
 *(.data.rel.ro .data.rel.ro.* .gnu.linkonce.d.rel.ro.*)
                0x05000000                        . = DATA_SEGMENT_RELRO_END (., 0x0)

.got.plt
 *(.got.plt)

.data           0x05000000    0x160c0
                0x05000000                        _fdata = .
 *(.data .data.* .gnu.linkonce.d.*)
 .data          0x05000000    0x160c0 build/jp/actors/group6.o
                0x05000840                monty_mole_hole_seg5_dl_05000840
                0x05003208                monty_mole_seg5_dl_05003208
                0x050032a0                monty_mole_seg5_dl_050032A0
                0x05003438                monty_mole_seg5_dl_05003438
                0x050034a0                monty_mole_seg5_dl_050034A0
                0x05003518                monty_mole_seg5_dl_05003518
                0x05003730                monty_mole_seg5_dl_05003730
                0x050037a8                monty_mole_seg5_dl_050037A8
                0x05003820                monty_mole_seg5_dl_05003820
                0x05003938                monty_mole_seg5_dl_05003938
                0x050039d0                monty_mole_seg5_dl_050039D0
                0x05003b68                monty_mole_seg5_dl_05003B68
                0x05003bd0                monty_mole_seg5_dl_05003BD0
                0x05003c48                monty_mole_seg5_dl_05003C48
                0x05003e60                monty_mole_seg5_dl_05003E60
                0x05003ed8                monty_mole_seg5_dl_05003ED8
                0x05003f50                monty_mole_seg5_dl_05003F50
                0x050042b8                monty_mole_seg5_dl_050042B8
                0x05004368                monty_mole_seg5_dl_05004368
                0x050044b0                monty_mole_seg5_dl_050044B0
                0x050049b0                monty_mole_seg5_dl_050049B0
                0x05004a10                monty_mole_seg5_dl_05004A10
                0x05004b50                monty_mole_seg5_dl_05004B50
                0x05004be0                monty_mole_seg5_dl_05004BE0
                0x05004c00                monty_mole_seg5_dl_05004C00
                0x05004ce8                monty_mole_seg5_dl_05004CE8
                0x05004d30                monty_mole_seg5_dl_05004D30
                0x05007248                monty_mole_seg5_anims_05007248
                0x05007ac0                smoke_seg5_dl_05007AC0
                0x05007af8                smoke_seg5_dl_05007AF8
                0x0500b040                ukiki_seg5_dl_0500B040
                0x0500b1d8                ukiki_seg5_dl_0500B1D8
                0x0500b278                ukiki_seg5_dl_0500B278
                0x0500b2b8                ukiki_seg5_dl_0500B2B8
                0x0500b2e8                ukiki_seg5_dl_0500B2E8
                0x0500b310                ukiki_seg5_dl_0500B310
                0x0500b660                ukiki_seg5_dl_0500B660
                0x0500b7e8                ukiki_seg5_dl_0500B7E8
                0x0500b820                ukiki_seg5_dl_0500B820
                0x0500b920                ukiki_seg5_dl_0500B920
                0x0500b988                ukiki_seg5_dl_0500B988
                0x0500ba90                ukiki_seg5_dl_0500BA90
                0x0500bb28                ukiki_seg5_dl_0500BB28
                0x0500bc10                ukiki_seg5_dl_0500BC10
                0x0500bc78                ukiki_seg5_dl_0500BC78
                0x0500bda0                ukiki_seg5_dl_0500BDA0
                0x0500be38                ukiki_seg5_dl_0500BE38
                0x0500bf60                ukiki_seg5_dl_0500BF60
                0x0500bff8                ukiki_seg5_dl_0500BFF8
                0x0500c120                ukiki_seg5_dl_0500C120
                0x0500c1b8                ukiki_seg5_dl_0500C1B8
                0x0500c2d0                ukiki_seg5_dl_0500C2D0
                0x0500c368                ukiki_seg5_dl_0500C368
                0x0500c490                ukiki_seg5_dl_0500C490
                0x0500c528                ukiki_seg5_dl_0500C528
                0x0500c650                ukiki_seg5_dl_0500C650
                0x0500c6e8                ukiki_seg5_dl_0500C6E8
                0x0500c800                ukiki_seg5_dl_0500C800
                0x0500c898                ukiki_seg5_dl_0500C898
                0x0500c9b0                ukiki_seg5_dl_0500C9B0
                0x0500ca48                ukiki_seg5_dl_0500CA48
                0x0500cf68                ukiki_seg5_dl_0500CF68
                0x0500cff0                ukiki_seg5_dl_0500CFF0
                0x0500d078                ukiki_seg5_dl_0500D078
                0x0500d108                ukiki_seg5_dl_0500D108
                0x05015784                ukiki_seg5_anims_05015784
                0x05016008                fwoosh_seg5_dl_05016008
                0x05016040                fwoosh_seg5_dl_05016040

.data1
 *(.data1)
                0x050160c0                        . = .
                0x0501e0b0                        _gp = (ALIGN (0x10) + 0x7ff0)

.got
 *(.got)

.sdata
 *(.sdata .sdata.* .gnu.linkonce.s.*)

.lit8
 *(.lit8)

.lit4
 *(.lit4)
                0x050160c0                        _edata = .
                [!provide]                        PROVIDE (edata = .)
                0x050160c0                        . = .
                0x050160c0                        __bss_start = .
                0x050160c0                        _fbss = .

.sbss
 *(.dynsbss)
 *(.sbss .sbss.* .gnu.linkonce.sb.*)
 *(.scommon)

.bss            0x050160c0        0x0
 *(.dynbss)
 *(.bss .bss.* .gnu.linkonce.b.*)
 *(COMMON)
                0x050160c0                        . = ALIGN ((. != 0x0)?0x4:0x1)
                0x050160c0                        . = ALIGN (0x4)
                0x050160c0                        . = SEGMENT_START ("ldata-segment", .)
                0x050160c0                        . = ALIGN (0x4)
                0x050160c0                        _end = .
                [!provide]                        PROVIDE (end = .)
                0x050160c0                        . = DATA_SEGMENT_END (.)

.stab
 *(.stab)

.stabstr
 *(.stabstr)

.stab.excl
 *(.stab.excl)

.stab.exclstr
 *(.stab.exclstr)

.stab.index
 *(.stab.index)

.stab.indexstr
 *(.stab.indexstr)

.comment
 *(.comment)

.options        0x00000000       0x20
 .options       0x00000000       0x20 build/jp/actors/group6.o

.gnu.build.attributes
 *(.gnu.build.attributes .gnu.build.attributes.*)

.debug
 *(.debug)

.line
 *(.line)

.debug_srcinfo
 *(.debug_srcinfo)

.debug_sfnames
 *(.debug_sfnames)

.debug_aranges
 *(.debug_aranges)

.debug_pubnames
 *(.debug_pubnames)

.debug_info
 *(.debug_info .gnu.linkonce.wi.*)

.debug_abbrev
 *(.debug_abbrev)

.debug_line
 *(.debug_line .debug_line.* .debug_line_end)

.debug_frame
 *(.debug_frame)

.debug_str
 *(.debug_str)

.debug_loc
 *(.debug_loc)

.debug_macinfo
 *(.debug_macinfo)

.debug_weaknames
 *(.debug_weaknames)

.debug_funcnames
 *(.debug_funcnames)

.debug_typenames
 *(.debug_typenames)

.debug_varnames
 *(.debug_varnames)

.debug_pubtypes
 *(.debug_pubtypes)

.debug_ranges
 *(.debug_ranges)

.debug_addr
 *(.debug_addr)

.debug_line_str
 *(.debug_line_str)

.debug_loclists
 *(.debug_loclists)

.debug_macro
 *(.debug_macro)

.debug_names
 *(.debug_names)

.debug_rnglists
 *(.debug_rnglists)

.debug_str_offsets
 *(.debug_str_offsets)

.debug_sup
 *(.debug_sup)

.gnu.attributes
 *(.gnu.attributes)

.gptab.sdata    0x050160c0      0x1a8
 *(.gptab.data)
 .gptab.data    0x050160c0      0x1a8 build/jp/actors/group6.o
 *(.gptab.sdata)

.gptab.sbss
 *(.gptab.bss)
 *(.gptab.sbss)

.mdebug.abi32
 *(.mdebug.abi32)

.mdebug.abiN32
 *(.mdebug.abiN32)

.mdebug.abi64
 *(.mdebug.abi64)

.mdebug.abiO64
 *(.mdebug.abiO64)

.mdebug.eabi32
 *(.mdebug.eabi32)

.mdebug.eabi64
 *(.mdebug.eabi64)

.gcc_compiled_long32
 *(.gcc_compiled_long32)

.gcc_compiled_long64
 *(.gcc_compiled_long64)

/DISCARD/
 *(.note.GNU-stack)
 *(.gnu_debuglink)
 *(.gnu.lto_*)
OUTPUT(build/jp/actors/group6.elf elf32-tradbigmips)

.mdebug         0x00000000     0xcbe0
 .mdebug        0x00000000     0xf708 build/jp/actors/group6.o
