
Memory Configuration

Name             Origin             Length             Attributes
*default*        0x00000000         0xffffffff

Linker script and memory map

Address of section .text set to 0x5000000
LOAD build/jp/actors/group5.o
                [!provide]                        PROVIDE (__executable_start = SEGMENT_START ("text-segment", 0x400000))
                0x00400094                        . = (SEGMENT_START ("text-segment", 0x400000) + SIZEOF_HEADERS)

.interp
 *(.interp)

.MIPS.abiflags
 *(.MIPS.abiflags)

.reginfo        0x00400094       0x18
 *(.reginfo)
 .reginfo       0x00400094       0x18 build/jp/actors/group5.o

.MIPS.xhash
 *(.MIPS.xhash)

.note.gnu.build-id
 *(.note.gnu.build-id)

.dynamic
 *(.dynamic)

.hash
 *(.hash)

.gnu.hash
 *(.gnu.hash)

.dynsym
 *(.dynsym)

.dynstr
 *(.dynstr)

.gnu.version
 *(.gnu.version)

.gnu.version_d
 *(.gnu.version_d)

.gnu.version_r
 *(.gnu.version_r)

.rel.dyn        0x004000ac        0x0
 *(.rel.init)
 *(.rel.text .rel.text.* .rel.gnu.linkonce.t.*)
 *(.rel.fini)
 *(.rel.rodata .rel.rodata.* .rel.gnu.linkonce.r.*)
 *(.rel.data.rel.ro .rel.data.rel.ro.* .rel.gnu.linkonce.d.rel.ro.*)
 *(.rel.data .rel.data.* .rel.gnu.linkonce.d.*)
 *(.rel.tdata .rel.tdata.* .rel.gnu.linkonce.td.*)
 *(.rel.tbss .rel.tbss.* .rel.gnu.linkonce.tb.*)
 *(.rel.ctors)
 *(.rel.dtors)
 *(.rel.got)
 *(.rel.dyn)
 .rel.dyn       0x004000ac        0x0 build/jp/actors/group5.o
 *(.rel.sdata .rel.sdata.* .rel.gnu.linkonce.s.*)
 *(.rel.sbss .rel.sbss.* .rel.gnu.linkonce.sb.*)
 *(.rel.sdata2 .rel.sdata2.* .rel.gnu.linkonce.s2.*)
 *(.rel.sbss2 .rel.sbss2.* .rel.gnu.linkonce.sb2.*)
 *(.rel.bss .rel.bss.* .rel.gnu.linkonce.b.*)
                [!provide]                        PROVIDE (__rel_iplt_start = .)
 *(.rel.iplt)
                [!provide]                        PROVIDE (__rel_iplt_end = .)

.rela.dyn       0x004000ac        0x0
 *(.rela.init)
 *(.rela.text .rela.text.* .rela.gnu.linkonce.t.*)
 *(.rela.fini)
 *(.rela.rodata .rela.rodata.* .rela.gnu.linkonce.r.*)
 *(.rela.data .rela.data.* .rela.gnu.linkonce.d.*)
 *(.rela.tdata .rela.tdata.* .rela.gnu.linkonce.td.*)
 *(.rela.tbss .rela.tbss.* .rela.gnu.linkonce.tb.*)
 *(.rela.ctors)
 *(.rela.dtors)
 *(.rela.got)
 *(.rela.sdata .rela.sdata.* .rela.gnu.linkonce.s.*)
 *(.rela.sbss .rela.sbss.* .rela.gnu.linkonce.sb.*)
 *(.rela.sdata2 .rela.sdata2.* .rela.gnu.linkonce.s2.*)
 *(.rela.sbss2 .rela.sbss2.* .rela.gnu.linkonce.sb2.*)
 *(.rela.bss .rela.bss.* .rela.gnu.linkonce.b.*)
                [!provide]                        PROVIDE (__rela_iplt_start = .)
 *(.rela.iplt)
                [!provide]                        PROVIDE (__rela_iplt_end = .)

.rel.plt
 *(.rel.plt)

.rela.plt
 *(.rela.plt)

.init
 *(SORT_NONE(.init))

.text           0x05000000        0x0
                0x05000000                        _ftext = .
 *(.text.unlikely .text.*_unlikely .text.unlikely.*)
 *(.text.exit .text.exit.*)
 *(.text.startup .text.startup.*)
 *(.text.hot .text.hot.*)
 *(SORT_BY_NAME(.text.sorted.*))
 *(.text .stub .text.* .gnu.linkonce.t.*)
 *(.gnu.warning)
 *(.mips16.fn.*)
 *(.mips16.call.*)

.fini
 *(SORT_NONE(.fini))
                [!provide]                        PROVIDE (__etext = .)
                [!provide]                        PROVIDE (_etext = .)
                [!provide]                        PROVIDE (etext = .)

.rodata
 *(.rodata .rodata.* .gnu.linkonce.r.*)

.rodata1
 *(.rodata1)

.sdata2
 *(.sdata2 .sdata2.* .gnu.linkonce.s2.*)

.sbss2
 *(.sbss2 .sbss2.* .gnu.linkonce.sb2.*)

.eh_frame_hdr
 *(.eh_frame_hdr)
 *(.eh_frame_entry .eh_frame_entry.*)

.eh_frame
 *(.eh_frame)
 *(.eh_frame.*)

.sframe
 *(.sframe)
 *(.sframe.*)

.gcc_except_table
 *(.gcc_except_table .gcc_except_table.*)

.gnu_extab
 *(.gnu_extab*)

.exception_ranges
 *(.exception_ranges*)

.plt
 *(.plt)

.iplt
 *(.iplt)
                0x05000000                        . = DATA_SEGMENT_ALIGN (CONSTANT (MAXPAGESIZE), CONSTANT (COMMONPAGESIZE))

.eh_frame
 *(.eh_frame)
 *(.eh_frame.*)

.sframe
 *(.sframe)
 *(.sframe.*)

.gnu_extab
 *(.gnu_extab)

.gcc_except_table
 *(.gcc_except_table .gcc_except_table.*)

.exception_ranges
 *(.exception_ranges*)

.tdata          0x05000000        0x0
                [!provide]                        PROVIDE (__tdata_start = .)
 *(.tdata .tdata.* .gnu.linkonce.td.*)

.tbss
 *(.tbss .tbss.* .gnu.linkonce.tb.*)
 *(.tcommon)

.preinit_array  0x05000000        0x0
                [!provide]                        PROVIDE (__preinit_array_start = .)
 *(.preinit_array)
                [!provide]                        PROVIDE (__preinit_array_end = .)

.init_array     0x05000000        0x0
                [!provide]                        PROVIDE (__init_array_start = .)
 *(SORT_BY_INIT_PRIORITY(.init_array.*) SORT_BY_INIT_PRIORITY(.ctors.*))
 *(.init_array EXCLUDE_FILE(*crtend?.o *crtend.o *crtbegin?.o *crtbegin.o) .ctors)
                [!provide]                        PROVIDE (__init_array_end = .)

.fini_array     0x05000000        0x0
                [!provide]                        PROVIDE (__fini_array_start = .)
 *(SORT_BY_INIT_PRIORITY(.fini_array.*) SORT_BY_INIT_PRIORITY(.dtors.*))
 *(.fini_array EXCLUDE_FILE(*crtend?.o *crtend.o *crtbegin?.o *crtbegin.o) .dtors)
                [!provide]                        PROVIDE (__fini_array_end = .)

.ctors
 *crtbegin.o(.ctors)
 *crtbegin?.o(.ctors)
 *(EXCLUDE_FILE(*crtend?.o *crtend.o) .ctors)
 *(SORT_BY_NAME(.ctors.*))
 *(.ctors)

.dtors
 *crtbegin.o(.dtors)
 *crtbegin?.o(.dtors)
 *(EXCLUDE_FILE(*crtend?.o *crtend.o) .dtors)
 *(SORT_BY_NAME(.dtors.*))
 *(.dtors)

.jcr
 *(.jcr)

.data.rel.ro
 *(.data.rel.ro.local* .gnu.linkonce.d.rel.ro.local.*)
 *(.data.rel.ro .data.rel.ro.* .gnu.linkonce.d.rel.ro.*)
                0x05000000                        . = DATA_SEGMENT_RELRO_END (., 0x0)

.got.plt
 *(.got.plt)

.data           0x05000000    0x14650
                0x05000000                        _fdata = .
 *(.data .data.* .gnu.linkonce.d.*)
 .data          0x05000000    0x14650 build/jp/actors/group5.o
                0x05003a68                klepto_seg5_dl_05003A68
                0x05003ac0                klepto_seg5_dl_05003AC0
                0x05003b40                klepto_seg5_dl_05003B40
                0x05003bd0                klepto_seg5_dl_05003BD0
                0x05003d00                klepto_seg5_dl_05003D00
                0x05003d80                klepto_seg5_dl_05003D80
                0x05003e68                klepto_seg5_dl_05003E68
                0x05003f20                klepto_seg5_dl_05003F20
                0x05004058                klepto_seg5_dl_05004058
                0x05004118                klepto_seg5_dl_05004118
                0x050041a0                klepto_seg5_dl_050041A0
                0x050041e8                klepto_seg5_dl_050041E8
                0x050042d0                klepto_seg5_dl_050042D0
                0x05004330                klepto_seg5_dl_05004330
                0x050043d8                klepto_seg5_dl_050043D8
                0x05004438                klepto_seg5_dl_05004438
                0x05004698                klepto_seg5_dl_05004698
                0x050047c8                klepto_seg5_dl_050047C8
                0x05004a28                klepto_seg5_dl_05004A28
                0x05004b58                klepto_seg5_dl_05004B58
                0x05004be0                klepto_seg5_dl_05004BE0
                0x05004c28                klepto_seg5_dl_05004C28
                0x05004cf0                klepto_seg5_dl_05004CF0
                0x05004d38                klepto_seg5_dl_05004D38
                0x05004e00                klepto_seg5_dl_05004E00
                0x05004e48                klepto_seg5_dl_05004E48
                0x05004f10                klepto_seg5_dl_05004F10
                0x05004f58                klepto_seg5_dl_05004F58
                0x05005020                klepto_seg5_dl_05005020
                0x05005068                klepto_seg5_dl_05005068
                0x05005130                klepto_seg5_dl_05005130
                0x05005178                klepto_seg5_dl_05005178
                0x05008cfc                klepto_seg5_anims_05008CFC
                0x0500b6b8                eyerok_seg5_dl_0500B6B8
                0x0500b748                eyerok_seg5_dl_0500B748
                0x0500b930                eyerok_seg5_dl_0500B930
                0x0500b9c0                eyerok_seg5_dl_0500B9C0
                0x0500bbe8                eyerok_seg5_dl_0500BBE8
                0x0500bc88                eyerok_seg5_dl_0500BC88
                0x0500be70                eyerok_seg5_dl_0500BE70
                0x0500bf00                eyerok_seg5_dl_0500BF00
                0x0500c088                eyerok_seg5_dl_0500C088
                0x0500c100                eyerok_seg5_dl_0500C100
                0x0500c2e8                eyerok_seg5_dl_0500C2E8
                0x0500c378                eyerok_seg5_dl_0500C378
                0x0500c5a0                eyerok_seg5_dl_0500C5A0
                0x0500c640                eyerok_seg5_dl_0500C640
                0x0500c868                eyerok_seg5_dl_0500C868
                0x0500c908                eyerok_seg5_dl_0500C908
                0x0500c9b8                eyerok_seg5_dl_0500C9B8
                0x0500ca50                eyerok_seg5_dl_0500CA50
                0x0500cae8                eyerok_seg5_dl_0500CAE8
                0x0500cb80                eyerok_seg5_dl_0500CB80
                0x0500cc18                eyerok_seg5_dl_0500CC18
                0x0500cc30                eyerok_seg5_dl_0500CC30
                0x050116e4                eyerok_seg5_anims_050116E4
                0x05012750                pokey_seg5_dl_05012750
                0x05012798                pokey_seg5_dl_05012798
                0x050127d8                pokey_seg5_dl_050127D8
                0x05012808                pokey_seg5_dl_05012808
                0x05013078                pokey_seg5_dl_05013078
                0x050130b0                pokey_seg5_dl_050130B0
                0x05014450                tornado_seg5_dl_05014450
                0x050145c0                tornado_seg5_dl_050145C0
                0x05014630                tweester_geo

.data1
 *(.data1)
                0x05014650                        . = .
                0x0501c640                        _gp = (ALIGN (0x10) + 0x7ff0)

.got
 *(.got)

.sdata
 *(.sdata .sdata.* .gnu.linkonce.s.*)

.lit8
 *(.lit8)

.lit4
 *(.lit4)
                0x05014650                        _edata = .
                [!provide]                        PROVIDE (edata = .)
                0x05014650                        . = .
                0x05014650                        __bss_start = .
                0x05014650                        _fbss = .

.sbss
 *(.dynsbss)
 *(.sbss .sbss.* .gnu.linkonce.sb.*)
 *(.scommon)

.bss            0x05014650        0x0
 *(.dynbss)
 *(.bss .bss.* .gnu.linkonce.b.*)
 *(COMMON)
                0x05014650                        . = ALIGN ((. != 0x0)?0x4:0x1)
                0x05014650                        . = ALIGN (0x4)
                0x05014650                        . = SEGMENT_START ("ldata-segment", .)
                0x05014650                        . = ALIGN (0x4)
                0x05014650                        _end = .
                [!provide]                        PROVIDE (end = .)
                0x05014650                        . = DATA_SEGMENT_END (.)

.stab
 *(.stab)

.stabstr
 *(.stabstr)

.stab.excl
 *(.stab.excl)

.stab.exclstr
 *(.stab.exclstr)

.stab.index
 *(.stab.index)

.stab.indexstr
 *(.stab.indexstr)

.comment
 *(.comment)

.options        0x00000000       0x20
 .options       0x00000000       0x20 build/jp/actors/group5.o

.gnu.build.attributes
 *(.gnu.build.attributes .gnu.build.attributes.*)

.debug
 *(.debug)

.line
 *(.line)

.debug_srcinfo
 *(.debug_srcinfo)

.debug_sfnames
 *(.debug_sfnames)

.debug_aranges
 *(.debug_aranges)

.debug_pubnames
 *(.debug_pubnames)

.debug_info
 *(.debug_info .gnu.linkonce.wi.*)

.debug_abbrev
 *(.debug_abbrev)

.debug_line
 *(.debug_line .debug_line.* .debug_line_end)

.debug_frame
 *(.debug_frame)

.debug_str
 *(.debug_str)

.debug_loc
 *(.debug_loc)

.debug_macinfo
 *(.debug_macinfo)

.debug_weaknames
 *(.debug_weaknames)

.debug_funcnames
 *(.debug_funcnames)

.debug_typenames
 *(.debug_typenames)

.debug_varnames
 *(.debug_varnames)

.debug_pubtypes
 *(.debug_pubtypes)

.debug_ranges
 *(.debug_ranges)

.debug_addr
 *(.debug_addr)

.debug_line_str
 *(.debug_line_str)

.debug_loclists
 *(.debug_loclists)

.debug_macro
 *(.debug_macro)

.debug_names
 *(.debug_names)

.debug_rnglists
 *(.debug_rnglists)

.debug_str_offsets
 *(.debug_str_offsets)

.debug_sup
 *(.debug_sup)

.gnu.attributes
 *(.gnu.attributes)

.gptab.sdata    0x05014650      0x160
 *(.gptab.data)
 .gptab.data    0x05014650      0x160 build/jp/actors/group5.o
 *(.gptab.sdata)

.gptab.sbss
 *(.gptab.bss)
 *(.gptab.sbss)

.mdebug.abi32
 *(.mdebug.abi32)

.mdebug.abiN32
 *(.mdebug.abiN32)

.mdebug.abi64
 *(.mdebug.abi64)

.mdebug.abiO64
 *(.mdebug.abiO64)

.mdebug.eabi32
 *(.mdebug.eabi32)

.mdebug.eabi64
 *(.mdebug.eabi64)

.gcc_compiled_long32
 *(.gcc_compiled_long32)

.gcc_compiled_long64
 *(.gcc_compiled_long64)

/DISCARD/
 *(.note.GNU-stack)
 *(.gnu_debuglink)
 *(.gnu.lto_*)
OUTPUT(build/jp/actors/group5.elf elf32-tradbigmips)

.mdebug         0x00000000     0xfe74
 .mdebug        0x00000000    0x12b0c build/jp/actors/group5.o
