
Memory Configuration

Name             Origin             Length             Attributes
*default*        0x00000000         0xffffffff

Linker script and memory map

Address of section .text set to 0x5000000
LOAD build/jp/actors/group1.o
                [!provide]                        PROVIDE (__executable_start = SEGMENT_START ("text-segment", 0x400000))
                0x00400094                        . = (SEGMENT_START ("text-segment", 0x400000) + SIZEOF_HEADERS)

.interp
 *(.interp)

.MIPS.abiflags
 *(.MIPS.abiflags)

.reginfo        0x00400094       0x18
 *(.reginfo)
 .reginfo       0x00400094       0x18 build/jp/actors/group1.o

.MIPS.xhash
 *(.MIPS.xhash)

.note.gnu.build-id
 *(.note.gnu.build-id)

.dynamic
 *(.dynamic)

.hash
 *(.hash)

.gnu.hash
 *(.gnu.hash)

.dynsym
 *(.dynsym)

.dynstr
 *(.dynstr)

.gnu.version
 *(.gnu.version)

.gnu.version_d
 *(.gnu.version_d)

.gnu.version_r
 *(.gnu.version_r)

.rel.dyn        0x004000ac        0x0
 *(.rel.init)
 *(.rel.text .rel.text.* .rel.gnu.linkonce.t.*)
 *(.rel.fini)
 *(.rel.rodata .rel.rodata.* .rel.gnu.linkonce.r.*)
 *(.rel.data.rel.ro .rel.data.rel.ro.* .rel.gnu.linkonce.d.rel.ro.*)
 *(.rel.data .rel.data.* .rel.gnu.linkonce.d.*)
 *(.rel.tdata .rel.tdata.* .rel.gnu.linkonce.td.*)
 *(.rel.tbss .rel.tbss.* .rel.gnu.linkonce.tb.*)
 *(.rel.ctors)
 *(.rel.dtors)
 *(.rel.got)
 *(.rel.dyn)
 .rel.dyn       0x004000ac        0x0 build/jp/actors/group1.o
 *(.rel.sdata .rel.sdata.* .rel.gnu.linkonce.s.*)
 *(.rel.sbss .rel.sbss.* .rel.gnu.linkonce.sb.*)
 *(.rel.sdata2 .rel.sdata2.* .rel.gnu.linkonce.s2.*)
 *(.rel.sbss2 .rel.sbss2.* .rel.gnu.linkonce.sb2.*)
 *(.rel.bss .rel.bss.* .rel.gnu.linkonce.b.*)
                [!provide]                        PROVIDE (__rel_iplt_start = .)
 *(.rel.iplt)
                [!provide]                        PROVIDE (__rel_iplt_end = .)

.rela.dyn       0x004000ac        0x0
 *(.rela.init)
 *(.rela.text .rela.text.* .rela.gnu.linkonce.t.*)
 *(.rela.fini)
 *(.rela.rodata .rela.rodata.* .rela.gnu.linkonce.r.*)
 *(.rela.data .rela.data.* .rela.gnu.linkonce.d.*)
 *(.rela.tdata .rela.tdata.* .rela.gnu.linkonce.td.*)
 *(.rela.tbss .rela.tbss.* .rela.gnu.linkonce.tb.*)
 *(.rela.ctors)
 *(.rela.dtors)
 *(.rela.got)
 *(.rela.sdata .rela.sdata.* .rela.gnu.linkonce.s.*)
 *(.rela.sbss .rela.sbss.* .rela.gnu.linkonce.sb.*)
 *(.rela.sdata2 .rela.sdata2.* .rela.gnu.linkonce.s2.*)
 *(.rela.sbss2 .rela.sbss2.* .rela.gnu.linkonce.sb2.*)
 *(.rela.bss .rela.bss.* .rela.gnu.linkonce.b.*)
                [!provide]                        PROVIDE (__rela_iplt_start = .)
 *(.rela.iplt)
                [!provide]                        PROVIDE (__rela_iplt_end = .)

.rel.plt
 *(.rel.plt)

.rela.plt
 *(.rela.plt)

.init
 *(SORT_NONE(.init))

.text           0x05000000        0x0
                0x05000000                        _ftext = .
 *(.text.unlikely .text.*_unlikely .text.unlikely.*)
 *(.text.exit .text.exit.*)
 *(.text.startup .text.startup.*)
 *(.text.hot .text.hot.*)
 *(SORT_BY_NAME(.text.sorted.*))
 *(.text .stub .text.* .gnu.linkonce.t.*)
 *(.gnu.warning)
 *(.mips16.fn.*)
 *(.mips16.call.*)

.fini
 *(SORT_NONE(.fini))
                [!provide]                        PROVIDE (__etext = .)
                [!provide]                        PROVIDE (_etext = .)
                [!provide]                        PROVIDE (etext = .)

.rodata
 *(.rodata .rodata.* .gnu.linkonce.r.*)

.rodata1
 *(.rodata1)

.sdata2
 *(.sdata2 .sdata2.* .gnu.linkonce.s2.*)

.sbss2
 *(.sbss2 .sbss2.* .gnu.linkonce.sb2.*)

.eh_frame_hdr
 *(.eh_frame_hdr)
 *(.eh_frame_entry .eh_frame_entry.*)

.eh_frame
 *(.eh_frame)
 *(.eh_frame.*)

.sframe
 *(.sframe)
 *(.sframe.*)

.gcc_except_table
 *(.gcc_except_table .gcc_except_table.*)

.gnu_extab
 *(.gnu_extab*)

.exception_ranges
 *(.exception_ranges*)

.plt
 *(.plt)

.iplt
 *(.iplt)
                0x05000000                        . = DATA_SEGMENT_ALIGN (CONSTANT (MAXPAGESIZE), CONSTANT (COMMONPAGESIZE))

.eh_frame
 *(.eh_frame)
 *(.eh_frame.*)

.sframe
 *(.sframe)
 *(.sframe.*)

.gnu_extab
 *(.gnu_extab)

.gcc_except_table
 *(.gcc_except_table .gcc_except_table.*)

.exception_ranges
 *(.exception_ranges*)

.tdata          0x05000000        0x0
                [!provide]                        PROVIDE (__tdata_start = .)
 *(.tdata .tdata.* .gnu.linkonce.td.*)

.tbss
 *(.tbss .tbss.* .gnu.linkonce.tb.*)
 *(.tcommon)

.preinit_array  0x05000000        0x0
                [!provide]                        PROVIDE (__preinit_array_start = .)
 *(.preinit_array)
                [!provide]                        PROVIDE (__preinit_array_end = .)

.init_array     0x05000000        0x0
                [!provide]                        PROVIDE (__init_array_start = .)
 *(SORT_BY_INIT_PRIORITY(.init_array.*) SORT_BY_INIT_PRIORITY(.ctors.*))
 *(.init_array EXCLUDE_FILE(*crtend?.o *crtend.o *crtbegin?.o *crtbegin.o) .ctors)
                [!provide]                        PROVIDE (__init_array_end = .)

.fini_array     0x05000000        0x0
                [!provide]                        PROVIDE (__fini_array_start = .)
 *(SORT_BY_INIT_PRIORITY(.fini_array.*) SORT_BY_INIT_PRIORITY(.dtors.*))
 *(.fini_array EXCLUDE_FILE(*crtend?.o *crtend.o *crtbegin?.o *crtbegin.o) .dtors)
                [!provide]                        PROVIDE (__fini_array_end = .)

.ctors
 *crtbegin.o(.ctors)
 *crtbegin?.o(.ctors)
 *(EXCLUDE_FILE(*crtend?.o *crtend.o) .ctors)
 *(SORT_BY_NAME(.ctors.*))
 *(.ctors)

.dtors
 *crtbegin.o(.dtors)
 *crtbegin?.o(.dtors)
 *(EXCLUDE_FILE(*crtend?.o *crtend.o) .dtors)
 *(SORT_BY_NAME(.dtors.*))
 *(.dtors)

.jcr
 *(.jcr)

.data.rel.ro
 *(.data.rel.ro.local* .gnu.linkonce.d.rel.ro.local.*)
 *(.data.rel.ro .data.rel.ro.* .gnu.linkonce.d.rel.ro.*)
                0x05000000                        . = DATA_SEGMENT_RELRO_END (., 0x0)

.got.plt
 *(.got.plt)

.data           0x05000000    0x15360
                0x05000000                        _fdata = .
 *(.data .data.* .gnu.linkonce.d.*)
 .data          0x05000000    0x15360 build/jp/actors/group1.o
                0x05000840                yellow_sphere_seg5_dl_05000840
                0x05000888                yellow_sphere_seg5_dl_05000888
                0x050008c8                yellow_sphere_seg5_dl_050008C8
                0x05001b80                hoot_seg5_dl_05001B80
                0x05001c00                hoot_seg5_dl_05001C00
                0x05001df0                hoot_seg5_dl_05001DF0
                0x05002eb0                hoot_seg5_dl_05002EB0
                0x05002f10                hoot_seg5_dl_05002F10
                0x05002fd8                hoot_seg5_dl_05002FD8
                0x05003038                hoot_seg5_dl_05003038
                0x05003100                hoot_seg5_dl_05003100
                0x05003160                hoot_seg5_dl_05003160
                0x05003228                hoot_seg5_dl_05003228
                0x05003288                hoot_seg5_dl_05003288
                0x05003350                hoot_seg5_dl_05003350
                0x050033b0                hoot_seg5_dl_050033B0
                0x05003478                hoot_seg5_dl_05003478
                0x050034d8                hoot_seg5_dl_050034D8
                0x050035a0                hoot_seg5_dl_050035A0
                0x05003600                hoot_seg5_dl_05003600
                0x050036c8                hoot_seg5_dl_050036C8
                0x05003728                hoot_seg5_dl_05003728
                0x05004928                hoot_seg5_dl_05004928
                0x05004a98                hoot_seg5_dl_05004A98
                0x05004b38                hoot_seg5_dl_05004B38
                0x05004ca8                hoot_seg5_dl_05004CA8
                0x05004d48                hoot_seg5_dl_05004D48
                0x05005768                hoot_seg5_anims_05005768
                0x050097b8                yoshi_egg_seg5_dl_050097B8
                0x05009820                yoshi_egg_seg5_dl_05009820
                0x05009838                yoshi_egg_seg5_dl_05009838
                0x05009850                yoshi_egg_seg5_dl_05009850
                0x05009868                yoshi_egg_seg5_dl_05009868
                0x05009880                yoshi_egg_seg5_dl_05009880
                0x05009898                yoshi_egg_seg5_dl_05009898
                0x050098b0                yoshi_egg_seg5_dl_050098B0
                0x050098c8                yoshi_egg_seg5_dl_050098C8
                0x0500b570                thwomp_seg5_dl_0500B570
                0x0500b718                thwomp_seg5_dl_0500B718
                0x0500b750                thwomp_seg5_dl_0500B750
                0x0500b7d0                thwomp_seg5_collision_0500B7D0
                0x0500b92c                thwomp_seg5_collision_0500B92C
                0x0500e5e8                bullet_bill_seg5_dl_0500E5E8
                0x0500e678                bullet_bill_seg5_dl_0500E678
                0x0500e730                bullet_bill_seg5_dl_0500E730
                0x0500e8a8                bullet_bill_seg5_dl_0500E8A8
                0x05011d98                heave_ho_seg5_dl_05011D98
                0x05011de0                heave_ho_seg5_dl_05011DE0
                0x05011e28                heave_ho_seg5_dl_05011E28
                0x05011e80                heave_ho_seg5_dl_05011E80
                0x05011ec0                heave_ho_seg5_dl_05011EC0
                0x050120a0                heave_ho_seg5_dl_050120A0
                0x05012100                heave_ho_seg5_dl_05012100
                0x05012148                heave_ho_seg5_dl_05012148
                0x05012300                heave_ho_seg5_dl_05012300
                0x05012360                heave_ho_seg5_dl_05012360
                0x050123a8                heave_ho_seg5_dl_050123A8
                0x05012560                heave_ho_seg5_dl_05012560
                0x050125a8                heave_ho_seg5_dl_050125A8
                0x050125f8                heave_ho_seg5_dl_050125F8
                0x050126b0                heave_ho_seg5_dl_050126B0
                0x050126e8                heave_ho_seg5_dl_050126E8
                0x050127b0                heave_ho_seg5_dl_050127B0
                0x050127f8                heave_ho_seg5_dl_050127F8
                0x05014188                heave_ho_seg5_dl_05014188
                0x05014560                heave_ho_seg5_dl_05014560
                0x050145d0                heave_ho_seg5_dl_050145D0
                0x050149a8                heave_ho_seg5_dl_050149A8
                0x05014d80                heave_ho_seg5_dl_05014D80
                0x0501534c                heave_ho_seg5_anims_0501534C

.data1
 *(.data1)
                0x05015360                        . = .
                0x0501d350                        _gp = (ALIGN (0x10) + 0x7ff0)

.got
 *(.got)

.sdata
 *(.sdata .sdata.* .gnu.linkonce.s.*)

.lit8
 *(.lit8)

.lit4
 *(.lit4)
                0x05015360                        _edata = .
                [!provide]                        PROVIDE (edata = .)
                0x05015360                        . = .
                0x05015360                        __bss_start = .
                0x05015360                        _fbss = .

.sbss
 *(.dynsbss)
 *(.sbss .sbss.* .gnu.linkonce.sb.*)
 *(.scommon)

.bss            0x05015360        0x0
 *(.dynbss)
 *(.bss .bss.* .gnu.linkonce.b.*)
 *(COMMON)
                0x05015360                        . = ALIGN ((. != 0x0)?0x4:0x1)
                0x05015360                        . = ALIGN (0x4)
                0x05015360                        . = SEGMENT_START ("ldata-segment", .)
                0x05015360                        . = ALIGN (0x4)
                0x05015360                        _end = .
                [!provide]                        PROVIDE (end = .)
                0x05015360                        . = DATA_SEGMENT_END (.)

.stab
 *(.stab)

.stabstr
 *(.stabstr)

.stab.excl
 *(.stab.excl)

.stab.exclstr
 *(.stab.exclstr)

.stab.index
 *(.stab.index)

.stab.indexstr
 *(.stab.indexstr)

.comment
 *(.comment)

.options        0x00000000       0x20
 .options       0x00000000       0x20 build/jp/actors/group1.o

.gnu.build.attributes
 *(.gnu.build.attributes .gnu.build.attributes.*)

.debug
 *(.debug)

.line
 *(.line)

.debug_srcinfo
 *(.debug_srcinfo)

.debug_sfnames
 *(.debug_sfnames)

.debug_aranges
 *(.debug_aranges)

.debug_pubnames
 *(.debug_pubnames)

.debug_info
 *(.debug_info .gnu.linkonce.wi.*)

.debug_abbrev
 *(.debug_abbrev)

.debug_line
 *(.debug_line .debug_line.* .debug_line_end)

.debug_frame
 *(.debug_frame)

.debug_str
 *(.debug_str)

.debug_loc
 *(.debug_loc)

.debug_macinfo
 *(.debug_macinfo)

.debug_weaknames
 *(.debug_weaknames)

.debug_funcnames
 *(.debug_funcnames)

.debug_typenames
 *(.debug_typenames)

.debug_varnames
 *(.debug_varnames)

.debug_pubtypes
 *(.debug_pubtypes)

.debug_ranges
 *(.debug_ranges)

.debug_addr
 *(.debug_addr)

.debug_line_str
 *(.debug_line_str)

.debug_loclists
 *(.debug_loclists)

.debug_macro
 *(.debug_macro)

.debug_names
 *(.debug_names)

.debug_rnglists
 *(.debug_rnglists)

.debug_str_offsets
 *(.debug_str_offsets)

.debug_sup
 *(.debug_sup)

.gnu.attributes
 *(.gnu.attributes)

.gptab.sdata    0x05015360      0x140
 *(.gptab.data)
 .gptab.data    0x05015360      0x140 build/jp/actors/group1.o
 *(.gptab.sdata)

.gptab.sbss
 *(.gptab.bss)
 *(.gptab.sbss)

.mdebug.abi32
 *(.mdebug.abi32)

.mdebug.abiN32
 *(.mdebug.abiN32)

.mdebug.abi64
 *(.mdebug.abi64)

.mdebug.abiO64
 *(.mdebug.abiO64)

.mdebug.eabi32
 *(.mdebug.eabi32)

.mdebug.eabi64
 *(.mdebug.eabi64)

.gcc_compiled_long32
 *(.gcc_compiled_long32)

.gcc_compiled_long64
 *(.gcc_compiled_long64)

/DISCARD/
 *(.note.GNU-stack)
 *(.gnu_debuglink)
 *(.gnu.lto_*)
OUTPUT(build/jp/actors/group1.elf elf32-tradbigmips)

.mdebug         0x00000000     0xc40c
 .mdebug        0x00000000     0xe8d4 build/jp/actors/group1.o
