
Memory Configuration

Name             Origin             Length             Attributes
*default*        0x00000000         0xffffffff

Linker script and memory map

Address of section .text set to 0x5000000
LOAD build/jp/actors/group4.o
                [!provide]                        PROVIDE (__executable_start = SEGMENT_START ("text-segment", 0x400000))
                0x00400094                        . = (SEGMENT_START ("text-segment", 0x400000) + SIZEOF_HEADERS)

.interp
 *(.interp)

.MIPS.abiflags
 *(.MIPS.abiflags)

.reginfo        0x00400094       0x18
 *(.reginfo)
 .reginfo       0x00400094       0x18 build/jp/actors/group4.o

.MIPS.xhash
 *(.MIPS.xhash)

.note.gnu.build-id
 *(.note.gnu.build-id)

.dynamic
 *(.dynamic)

.hash
 *(.hash)

.gnu.hash
 *(.gnu.hash)

.dynsym
 *(.dynsym)

.dynstr
 *(.dynstr)

.gnu.version
 *(.gnu.version)

.gnu.version_d
 *(.gnu.version_d)

.gnu.version_r
 *(.gnu.version_r)

.rel.dyn        0x004000ac        0x0
 *(.rel.init)
 *(.rel.text .rel.text.* .rel.gnu.linkonce.t.*)
 *(.rel.fini)
 *(.rel.rodata .rel.rodata.* .rel.gnu.linkonce.r.*)
 *(.rel.data.rel.ro .rel.data.rel.ro.* .rel.gnu.linkonce.d.rel.ro.*)
 *(.rel.data .rel.data.* .rel.gnu.linkonce.d.*)
 *(.rel.tdata .rel.tdata.* .rel.gnu.linkonce.td.*)
 *(.rel.tbss .rel.tbss.* .rel.gnu.linkonce.tb.*)
 *(.rel.ctors)
 *(.rel.dtors)
 *(.rel.got)
 *(.rel.dyn)
 .rel.dyn       0x004000ac        0x0 build/jp/actors/group4.o
 *(.rel.sdata .rel.sdata.* .rel.gnu.linkonce.s.*)
 *(.rel.sbss .rel.sbss.* .rel.gnu.linkonce.sb.*)
 *(.rel.sdata2 .rel.sdata2.* .rel.gnu.linkonce.s2.*)
 *(.rel.sbss2 .rel.sbss2.* .rel.gnu.linkonce.sb2.*)
 *(.rel.bss .rel.bss.* .rel.gnu.linkonce.b.*)
                [!provide]                        PROVIDE (__rel_iplt_start = .)
 *(.rel.iplt)
                [!provide]                        PROVIDE (__rel_iplt_end = .)

.rela.dyn       0x004000ac        0x0
 *(.rela.init)
 *(.rela.text .rela.text.* .rela.gnu.linkonce.t.*)
 *(.rela.fini)
 *(.rela.rodata .rela.rodata.* .rela.gnu.linkonce.r.*)
 *(.rela.data .rela.data.* .rela.gnu.linkonce.d.*)
 *(.rela.tdata .rela.tdata.* .rela.gnu.linkonce.td.*)
 *(.rela.tbss .rela.tbss.* .rela.gnu.linkonce.tb.*)
 *(.rela.ctors)
 *(.rela.dtors)
 *(.rela.got)
 *(.rela.sdata .rela.sdata.* .rela.gnu.linkonce.s.*)
 *(.rela.sbss .rela.sbss.* .rela.gnu.linkonce.sb.*)
 *(.rela.sdata2 .rela.sdata2.* .rela.gnu.linkonce.s2.*)
 *(.rela.sbss2 .rela.sbss2.* .rela.gnu.linkonce.sb2.*)
 *(.rela.bss .rela.bss.* .rela.gnu.linkonce.b.*)
                [!provide]                        PROVIDE (__rela_iplt_start = .)
 *(.rela.iplt)
                [!provide]                        PROVIDE (__rela_iplt_end = .)

.rel.plt
 *(.rel.plt)

.rela.plt
 *(.rela.plt)

.init
 *(SORT_NONE(.init))

.text           0x05000000        0x0
                0x05000000                        _ftext = .
 *(.text.unlikely .text.*_unlikely .text.unlikely.*)
 *(.text.exit .text.exit.*)
 *(.text.startup .text.startup.*)
 *(.text.hot .text.hot.*)
 *(SORT_BY_NAME(.text.sorted.*))
 *(.text .stub .text.* .gnu.linkonce.t.*)
 *(.gnu.warning)
 *(.mips16.fn.*)
 *(.mips16.call.*)

.fini
 *(SORT_NONE(.fini))
                [!provide]                        PROVIDE (__etext = .)
                [!provide]                        PROVIDE (_etext = .)
                [!provide]                        PROVIDE (etext = .)

.rodata
 *(.rodata .rodata.* .gnu.linkonce.r.*)

.rodata1
 *(.rodata1)

.sdata2
 *(.sdata2 .sdata2.* .gnu.linkonce.s2.*)

.sbss2
 *(.sbss2 .sbss2.* .gnu.linkonce.sb2.*)

.eh_frame_hdr
 *(.eh_frame_hdr)
 *(.eh_frame_entry .eh_frame_entry.*)

.eh_frame
 *(.eh_frame)
 *(.eh_frame.*)

.sframe
 *(.sframe)
 *(.sframe.*)

.gcc_except_table
 *(.gcc_except_table .gcc_except_table.*)

.gnu_extab
 *(.gnu_extab*)

.exception_ranges
 *(.exception_ranges*)

.plt
 *(.plt)

.iplt
 *(.iplt)
                0x05000000                        . = DATA_SEGMENT_ALIGN (CONSTANT (MAXPAGESIZE), CONSTANT (COMMONPAGESIZE))

.eh_frame
 *(.eh_frame)
 *(.eh_frame.*)

.sframe
 *(.sframe)
 *(.sframe.*)

.gnu_extab
 *(.gnu_extab)

.gcc_except_table
 *(.gcc_except_table .gcc_except_table.*)

.exception_ranges
 *(.exception_ranges*)

.tdata          0x05000000        0x0
                [!provide]                        PROVIDE (__tdata_start = .)
 *(.tdata .tdata.* .gnu.linkonce.td.*)

.tbss
 *(.tbss .tbss.* .gnu.linkonce.tb.*)
 *(.tcommon)

.preinit_array  0x05000000        0x0
                [!provide]                        PROVIDE (__preinit_array_start = .)
 *(.preinit_array)
                [!provide]                        PROVIDE (__preinit_array_end = .)

.init_array     0x05000000        0x0
                [!provide]                        PROVIDE (__init_array_start = .)
 *(SORT_BY_INIT_PRIORITY(.init_array.*) SORT_BY_INIT_PRIORITY(.ctors.*))
 *(.init_array EXCLUDE_FILE(*crtend?.o *crtend.o *crtbegin?.o *crtbegin.o) .ctors)
                [!provide]                        PROVIDE (__init_array_end = .)

.fini_array     0x05000000        0x0
                [!provide]                        PROVIDE (__fini_array_start = .)
 *(SORT_BY_INIT_PRIORITY(.fini_array.*) SORT_BY_INIT_PRIORITY(.dtors.*))
 *(.fini_array EXCLUDE_FILE(*crtend?.o *crtend.o *crtbegin?.o *crtbegin.o) .dtors)
                [!provide]                        PROVIDE (__fini_array_end = .)

.ctors
 *crtbegin.o(.ctors)
 *crtbegin?.o(.ctors)
 *(EXCLUDE_FILE(*crtend?.o *crtend.o) .ctors)
 *(SORT_BY_NAME(.ctors.*))
 *(.ctors)

.dtors
 *crtbegin.o(.dtors)
 *crtbegin?.o(.dtors)
 *(EXCLUDE_FILE(*crtend?.o *crtend.o) .dtors)
 *(SORT_BY_NAME(.dtors.*))
 *(.dtors)

.jcr
 *(.jcr)

.data.rel.ro
 *(.data.rel.ro.local* .gnu.linkonce.d.rel.ro.local.*)
 *(.data.rel.ro .data.rel.ro.* .gnu.linkonce.d.rel.ro.*)
                0x05000000                        . = DATA_SEGMENT_RELRO_END (., 0x0)

.got.plt
 *(.got.plt)

.data           0x05000000    0x13d30
                0x05000000                        _fdata = .
 *(.data .data.* .gnu.linkonce.d.*)
 .data          0x05000000    0x13d30 build/jp/actors/group4.o
                0x050011a8                clam_shell_seg5_dl_050011A8
                0x05001238                clam_shell_seg5_dl_05001238
                0x050012b8                clam_shell_seg5_dl_050012B8
                0x05001478                clam_shell_seg5_dl_05001478
                0x050014f8                clam_shell_seg5_dl_050014F8
                0x05001568                clam_shell_seg5_dl_05001568
                0x05001744                clam_shell_seg5_anims_05001744
                0x05004960                manta_seg5_dl_05004960
                0x050049c8                manta_seg5_dl_050049C8
                0x05004a70                manta_seg5_dl_05004A70
                0x05004ca8                manta_seg5_dl_05004CA8
                0x05004d10                manta_seg5_dl_05004D10
                0x05004db8                manta_seg5_dl_05004DB8
                0x05004e60                manta_seg5_dl_05004E60
                0x05004e90                manta_seg5_dl_05004E90
                0x05004fa0                manta_seg5_dl_05004FA0
                0x05005038                manta_seg5_dl_05005038
                0x05005248                manta_seg5_dl_05005248
                0x05005288                manta_seg5_dl_05005288
                0x05005308                manta_seg5_dl_05005308
                0x05005358                manta_seg5_dl_05005358
                0x050054f0                manta_seg5_dl_050054F0
                0x05005558                manta_seg5_dl_05005558
                0x050055a8                manta_seg5_dl_050055A8
                0x050056e0                manta_seg5_dl_050056E0
                0x05005730                manta_seg5_dl_05005730
                0x05005768                manta_seg5_dl_05005768
                0x05005880                manta_seg5_dl_05005880
                0x05005918                manta_seg5_dl_05005918
                0x05005b28                manta_seg5_dl_05005B28
                0x05005b68                manta_seg5_dl_05005B68
                0x05005be8                manta_seg5_dl_05005BE8
                0x05005c38                manta_seg5_dl_05005C38
                0x05005dd0                manta_seg5_dl_05005DD0
                0x05005e38                manta_seg5_dl_05005E38
                0x05005e88                manta_seg5_dl_05005E88
                0x05005fc0                manta_seg5_dl_05005FC0
                0x05006010                manta_seg5_dl_05006010
                0x05006048                manta_seg5_dl_05006048
                0x05006510                manta_seg5_dl_05006510
                0x05006588                manta_seg5_dl_05006588
                0x050065f0                manta_seg5_dl_050065F0
                0x050066d0                manta_seg5_dl_050066D0
                0x05006750                manta_seg5_dl_05006750
                0x05006b08                manta_seg5_dl_05006B08
                0x05006b70                manta_seg5_dl_05006B70
                0x05006c08                manta_seg5_dl_05006C08
                0x05008d14                manta_seg5_geo_05008D14
                0x05008eb4                manta_seg5_anims_05008EB4
                0x05009cc0                sushi_seg5_dl_05009CC0
                0x05009dd0                sushi_seg5_dl_05009DD0
                0x05009f30                sushi_seg5_dl_05009F30
                0x0500a008                sushi_seg5_dl_0500A008
                0x0500a0e8                sushi_seg5_dl_0500A0E8
                0x0500a160                sushi_seg5_dl_0500A160
                0x0500a580                sushi_seg5_dl_0500A580
                0x0500a748                sushi_seg5_dl_0500A748
                0x0500a768                sushi_seg5_dl_0500A768
                0x0500a860                sushi_seg5_dl_0500A860
                0x0500a8a8                sushi_seg5_dl_0500A8A8
                0x0500a958                sushi_seg5_dl_0500A958
                0x0500a990                sushi_seg5_dl_0500A990
                0x0500ae54                sushi_seg5_anims_0500AE54
                0x0500cce0                unagi_seg5_dl_0500CCE0
                0x0500cd30                unagi_seg5_dl_0500CD30
                0x0500cdd0                unagi_seg5_dl_0500CDD0
                0x0500cf88                unagi_seg5_dl_0500CF88
                0x0500d038                unagi_seg5_dl_0500D038
                0x0500d050                unagi_seg5_dl_0500D050
                0x0500d1c0                unagi_seg5_dl_0500D1C0
                0x0500d268                unagi_seg5_dl_0500D268
                0x0500d3c0                unagi_seg5_dl_0500D3C0
                0x0500d468                unagi_seg5_dl_0500D468
                0x0500d5c0                unagi_seg5_dl_0500D5C0
                0x0500d668                unagi_seg5_dl_0500D668
                0x0500d7a0                unagi_seg5_dl_0500D7A0
                0x0500d828                unagi_seg5_dl_0500D828
                0x0500db60                unagi_seg5_dl_0500DB60
                0x0500dbc0                unagi_seg5_dl_0500DBC0
                0x0500dd08                unagi_seg5_dl_0500DD08
                0x0500de70                unagi_seg5_dl_0500DE70
                0x0500deb8                unagi_seg5_dl_0500DEB8
                0x0500e030                unagi_seg5_dl_0500E030
                0x0500e088                unagi_seg5_dl_0500E088
                0x0500e200                unagi_seg5_dl_0500E200
                0x0500e258                unagi_seg5_dl_0500E258
                0x05012824                unagi_seg5_anims_05012824
                0x05013b58                whirlpool_seg5_dl_05013B58
                0x05013cb8                whirlpool_seg5_dl_05013CB8

.data1
 *(.data1)
                0x05013d30                        . = .
                0x0501bd20                        _gp = (ALIGN (0x10) + 0x7ff0)

.got
 *(.got)

.sdata
 *(.sdata .sdata.* .gnu.linkonce.s.*)

.lit8
 *(.lit8)

.lit4
 *(.lit4)
                0x05013d30                        _edata = .
                [!provide]                        PROVIDE (edata = .)
                0x05013d30                        . = .
                0x05013d30                        __bss_start = .
                0x05013d30                        _fbss = .

.sbss
 *(.dynsbss)
 *(.sbss .sbss.* .gnu.linkonce.sb.*)
 *(.scommon)

.bss            0x05013d30        0x0
 *(.dynbss)
 *(.bss .bss.* .gnu.linkonce.b.*)
 *(COMMON)
                0x05013d30                        . = ALIGN ((. != 0x0)?0x4:0x1)
                0x05013d30                        . = ALIGN (0x4)
                0x05013d30                        . = SEGMENT_START ("ldata-segment", .)
                0x05013d30                        . = ALIGN (0x4)
                0x05013d30                        _end = .
                [!provide]                        PROVIDE (end = .)
                0x05013d30                        . = DATA_SEGMENT_END (.)

.stab
 *(.stab)

.stabstr
 *(.stabstr)

.stab.excl
 *(.stab.excl)

.stab.exclstr
 *(.stab.exclstr)

.stab.index
 *(.stab.index)

.stab.indexstr
 *(.stab.indexstr)

.comment
 *(.comment)

.options        0x00000000       0x20
 .options       0x00000000       0x20 build/jp/actors/group4.o

.gnu.build.attributes
 *(.gnu.build.attributes .gnu.build.attributes.*)

.debug
 *(.debug)

.line
 *(.line)

.debug_srcinfo
 *(.debug_srcinfo)

.debug_sfnames
 *(.debug_sfnames)

.debug_aranges
 *(.debug_aranges)

.debug_pubnames
 *(.debug_pubnames)

.debug_info
 *(.debug_info .gnu.linkonce.wi.*)

.debug_abbrev
 *(.debug_abbrev)

.debug_line
 *(.debug_line .debug_line.* .debug_line_end)

.debug_frame
 *(.debug_frame)

.debug_str
 *(.debug_str)

.debug_loc
 *(.debug_loc)

.debug_macinfo
 *(.debug_macinfo)

.debug_weaknames
 *(.debug_weaknames)

.debug_funcnames
 *(.debug_funcnames)

.debug_typenames
 *(.debug_typenames)

.debug_varnames
 *(.debug_varnames)

.debug_pubtypes
 *(.debug_pubtypes)

.debug_ranges
 *(.debug_ranges)

.debug_addr
 *(.debug_addr)

.debug_line_str
 *(.debug_line_str)

.debug_loclists
 *(.debug_loclists)

.debug_macro
 *(.debug_macro)

.debug_names
 *(.debug_names)

.debug_rnglists
 *(.debug_rnglists)

.debug_str_offsets
 *(.debug_str_offsets)

.debug_sup
 *(.debug_sup)

.gnu.attributes
 *(.gnu.attributes)

.gptab.sdata    0x05013d30      0x1a8
 *(.gptab.data)
 .gptab.data    0x05013d30      0x1a8 build/jp/actors/group4.o
 *(.gptab.sdata)

.gptab.sbss
 *(.gptab.bss)
 *(.gptab.sbss)

.mdebug.abi32
 *(.mdebug.abi32)

.mdebug.abiN32
 *(.mdebug.abiN32)

.mdebug.abi64
 *(.mdebug.abi64)

.mdebug.abiO64
 *(.mdebug.abiO64)

.mdebug.eabi32
 *(.mdebug.eabi32)

.mdebug.eabi64
 *(.mdebug.eabi64)

.gcc_compiled_long32
 *(.gcc_compiled_long32)

.gcc_compiled_long64
 *(.gcc_compiled_long64)

/DISCARD/
 *(.note.GNU-stack)
 *(.gnu_debuglink)
 *(.gnu.lto_*)
OUTPUT(build/jp/actors/group4.elf elf32-tradbigmips)

.mdebug         0x00000000     0xdfbc
 .mdebug        0x00000000    0x10b78 build/jp/actors/group4.o
