
Memory Configuration

Name             Origin             Length             Attributes
*default*        0x00000000         0xffffffff

Linker script and memory map

Address of section .text set to 0x6000000
LOAD build/jp/actors/group15.o
                [!provide]                        PROVIDE (__executable_start = SEGMENT_START ("text-segment", 0x400000))
                0x00400094                        . = (SEGMENT_START ("text-segment", 0x400000) + SIZEOF_HEADERS)

.interp
 *(.interp)

.MIPS.abiflags
 *(.MIPS.abiflags)

.reginfo        0x00400094       0x18
 *(.reginfo)
 .reginfo       0x00400094       0x18 build/jp/actors/group15.o

.MIPS.xhash
 *(.MIPS.xhash)

.note.gnu.build-id
 *(.note.gnu.build-id)

.dynamic
 *(.dynamic)

.hash
 *(.hash)

.gnu.hash
 *(.gnu.hash)

.dynsym
 *(.dynsym)

.dynstr
 *(.dynstr)

.gnu.version
 *(.gnu.version)

.gnu.version_d
 *(.gnu.version_d)

.gnu.version_r
 *(.gnu.version_r)

.rel.dyn        0x004000ac        0x0
 *(.rel.init)
 *(.rel.text .rel.text.* .rel.gnu.linkonce.t.*)
 *(.rel.fini)
 *(.rel.rodata .rel.rodata.* .rel.gnu.linkonce.r.*)
 *(.rel.data.rel.ro .rel.data.rel.ro.* .rel.gnu.linkonce.d.rel.ro.*)
 *(.rel.data .rel.data.* .rel.gnu.linkonce.d.*)
 *(.rel.tdata .rel.tdata.* .rel.gnu.linkonce.td.*)
 *(.rel.tbss .rel.tbss.* .rel.gnu.linkonce.tb.*)
 *(.rel.ctors)
 *(.rel.dtors)
 *(.rel.got)
 *(.rel.dyn)
 .rel.dyn       0x004000ac        0x0 build/jp/actors/group15.o
 *(.rel.sdata .rel.sdata.* .rel.gnu.linkonce.s.*)
 *(.rel.sbss .rel.sbss.* .rel.gnu.linkonce.sb.*)
 *(.rel.sdata2 .rel.sdata2.* .rel.gnu.linkonce.s2.*)
 *(.rel.sbss2 .rel.sbss2.* .rel.gnu.linkonce.sb2.*)
 *(.rel.bss .rel.bss.* .rel.gnu.linkonce.b.*)
                [!provide]                        PROVIDE (__rel_iplt_start = .)
 *(.rel.iplt)
                [!provide]                        PROVIDE (__rel_iplt_end = .)

.rela.dyn       0x004000ac        0x0
 *(.rela.init)
 *(.rela.text .rela.text.* .rela.gnu.linkonce.t.*)
 *(.rela.fini)
 *(.rela.rodata .rela.rodata.* .rela.gnu.linkonce.r.*)
 *(.rela.data .rela.data.* .rela.gnu.linkonce.d.*)
 *(.rela.tdata .rela.tdata.* .rela.gnu.linkonce.td.*)
 *(.rela.tbss .rela.tbss.* .rela.gnu.linkonce.tb.*)
 *(.rela.ctors)
 *(.rela.dtors)
 *(.rela.got)
 *(.rela.sdata .rela.sdata.* .rela.gnu.linkonce.s.*)
 *(.rela.sbss .rela.sbss.* .rela.gnu.linkonce.sb.*)
 *(.rela.sdata2 .rela.sdata2.* .rela.gnu.linkonce.s2.*)
 *(.rela.sbss2 .rela.sbss2.* .rela.gnu.linkonce.sb2.*)
 *(.rela.bss .rela.bss.* .rela.gnu.linkonce.b.*)
                [!provide]                        PROVIDE (__rela_iplt_start = .)
 *(.rela.iplt)
                [!provide]                        PROVIDE (__rela_iplt_end = .)

.rel.plt
 *(.rel.plt)

.rela.plt
 *(.rela.plt)

.init
 *(SORT_NONE(.init))

.text           0x06000000        0x0
                0x06000000                        _ftext = .
 *(.text.unlikely .text.*_unlikely .text.unlikely.*)
 *(.text.exit .text.exit.*)
 *(.text.startup .text.startup.*)
 *(.text.hot .text.hot.*)
 *(SORT_BY_NAME(.text.sorted.*))
 *(.text .stub .text.* .gnu.linkonce.t.*)
 *(.gnu.warning)
 *(.mips16.fn.*)
 *(.mips16.call.*)

.fini
 *(SORT_NONE(.fini))
                [!provide]                        PROVIDE (__etext = .)
                [!provide]                        PROVIDE (_etext = .)
                [!provide]                        PROVIDE (etext = .)

.rodata
 *(.rodata .rodata.* .gnu.linkonce.r.*)

.rodata1
 *(.rodata1)

.sdata2
 *(.sdata2 .sdata2.* .gnu.linkonce.s2.*)

.sbss2
 *(.sbss2 .sbss2.* .gnu.linkonce.sb2.*)

.eh_frame_hdr
 *(.eh_frame_hdr)
 *(.eh_frame_entry .eh_frame_entry.*)

.eh_frame
 *(.eh_frame)
 *(.eh_frame.*)

.sframe
 *(.sframe)
 *(.sframe.*)

.gcc_except_table
 *(.gcc_except_table .gcc_except_table.*)

.gnu_extab
 *(.gnu_extab*)

.exception_ranges
 *(.exception_ranges*)

.plt
 *(.plt)

.iplt
 *(.iplt)
                0x06000000                        . = DATA_SEGMENT_ALIGN (CONSTANT (MAXPAGESIZE), CONSTANT (COMMONPAGESIZE))

.eh_frame
 *(.eh_frame)
 *(.eh_frame.*)

.sframe
 *(.sframe)
 *(.sframe.*)

.gnu_extab
 *(.gnu_extab)

.gcc_except_table
 *(.gcc_except_table .gcc_except_table.*)

.exception_ranges
 *(.exception_ranges*)

.tdata          0x06000000        0x0
                [!provide]                        PROVIDE (__tdata_start = .)
 *(.tdata .tdata.* .gnu.linkonce.td.*)

.tbss
 *(.tbss .tbss.* .gnu.linkonce.tb.*)
 *(.tcommon)

.preinit_array  0x06000000        0x0
                [!provide]                        PROVIDE (__preinit_array_start = .)
 *(.preinit_array)
                [!provide]                        PROVIDE (__preinit_array_end = .)

.init_array     0x06000000        0x0
                [!provide]                        PROVIDE (__init_array_start = .)
 *(SORT_BY_INIT_PRIORITY(.init_array.*) SORT_BY_INIT_PRIORITY(.ctors.*))
 *(.init_array EXCLUDE_FILE(*crtend?.o *crtend.o *crtbegin?.o *crtbegin.o) .ctors)
                [!provide]                        PROVIDE (__init_array_end = .)

.fini_array     0x06000000        0x0
                [!provide]                        PROVIDE (__fini_array_start = .)
 *(SORT_BY_INIT_PRIORITY(.fini_array.*) SORT_BY_INIT_PRIORITY(.dtors.*))
 *(.fini_array EXCLUDE_FILE(*crtend?.o *crtend.o *crtbegin?.o *crtbegin.o) .dtors)
                [!provide]                        PROVIDE (__fini_array_end = .)

.ctors
 *crtbegin.o(.ctors)
 *crtbegin?.o(.ctors)
 *(EXCLUDE_FILE(*crtend?.o *crtend.o) .ctors)
 *(SORT_BY_NAME(.ctors.*))
 *(.ctors)

.dtors
 *crtbegin.o(.dtors)
 *crtbegin?.o(.dtors)
 *(EXCLUDE_FILE(*crtend?.o *crtend.o) .dtors)
 *(SORT_BY_NAME(.dtors.*))
 *(.dtors)

.jcr
 *(.jcr)

.data.rel.ro
 *(.data.rel.ro.local* .gnu.linkonce.d.rel.ro.local.*)
 *(.data.rel.ro .data.rel.ro.* .gnu.linkonce.d.rel.ro.*)
                0x06000000                        . = DATA_SEGMENT_RELRO_END (., 0x0)

.got.plt
 *(.got.plt)

.data           0x06000000    0x17d90
                0x06000000                        _fdata = .
 *(.data .data.* .gnu.linkonce.d.*)
 .data          0x06000000    0x17d90 build/jp/actors/group15.o
                0x06003c80                lakitu_seg6_dl_06003C80
                0x06003db0                lakitu_seg6_dl_06003DB0
                0x06003e30                lakitu_seg6_dl_06003E30
                0x06004410                lakitu_seg6_dl_06004410
                0x06004680                lakitu_seg6_dl_06004680
                0x060047e8                lakitu_seg6_dl_060047E8
                0x060049e0                lakitu_seg6_dl_060049E0
                0x06004ba8                lakitu_seg6_dl_06004BA8
                0x06004be8                lakitu_seg6_dl_06004BE8
                0x06004c30                lakitu_seg6_dl_06004C30
                0x06004c60                lakitu_seg6_dl_06004C60
                0x06004c88                lakitu_seg6_dl_06004C88
                0x060051d0                lakitu_seg6_dl_060051D0
                0x06005218                lakitu_seg6_dl_06005218
                0x06005360                lakitu_seg6_dl_06005360
                0x06005598                lakitu_seg6_dl_06005598
                0x060055e8                lakitu_seg6_dl_060055E8
                0x06005610                lakitu_seg6_dl_06005610
                0x060058f8                lakitu_seg6_anims_060058F8
                0x06007300                toad_seg6_dl_06007300
                0x06007498                toad_seg6_dl_06007498
                0x060076c0                toad_seg6_dl_060076C0
                0x06007710                toad_seg6_dl_06007710
                0x06007960                toad_seg6_dl_06007960
                0x06007a48                toad_seg6_dl_06007A48
                0x06007d10                toad_seg6_dl_06007D10
                0x06007eb0                toad_seg6_dl_06007EB0
                0x060080c0                toad_seg6_dl_060080C0
                0x060081f8                toad_seg6_dl_060081F8
                0x060083e8                toad_seg6_dl_060083E8
                0x06008520                toad_seg6_dl_06008520
                0x06008748                toad_seg6_dl_06008748
                0x06008890                toad_seg6_dl_06008890
                0x06008a90                toad_seg6_dl_06008A90
                0x06008bd8                toad_seg6_dl_06008BD8
                0x0600fb58                toad_seg6_anims_0600FB58
                0x06010600                mips_seg6_dl_06010600
                0x06010748                mips_seg6_dl_06010748
                0x060107b8                mips_seg6_dl_060107B8
                0x06010a98                mips_seg6_dl_06010A98
                0x06010c40                mips_seg6_dl_06010C40
                0x06010db0                mips_seg6_dl_06010DB0
                0x06010e60                mips_seg6_dl_06010E60
                0x06010ff8                mips_seg6_dl_06010FF8
                0x060110b0                mips_seg6_dl_060110B0
                0x06011240                mips_seg6_dl_06011240
                0x06011310                mips_seg6_dl_06011310
                0x06011470                mips_seg6_dl_06011470
                0x06011520                mips_seg6_dl_06011520
                0x060116b0                mips_seg6_dl_060116B0
                0x06011780                mips_seg6_dl_06011780
                0x060118e0                mips_seg6_dl_060118E0
                0x06011990                mips_seg6_dl_06011990
                0x06011b00                mips_seg6_dl_06011B00
                0x06011bb0                mips_seg6_dl_06011BB0
                0x06011d10                mips_seg6_dl_06011D10
                0x06011db0                mips_seg6_dl_06011DB0
                0x06011e88                mips_seg6_dl_06011E88
                0x06011ed8                mips_seg6_dl_06011ED8
                0x06011f70                mips_seg6_dl_06011F70
                0x06011fc0                mips_seg6_dl_06011FC0
                0x06015634                mips_seg6_anims_06015634
                0x06017a10                boo_castle_seg6_dl_06017A10
                0x06017a78                boo_castle_seg6_dl_06017A78
                0x06017ad0                boo_castle_seg6_dl_06017AD0
                0x06017ce0                boo_castle_seg6_dl_06017CE0

.data1
 *(.data1)
                0x06017d90                        . = .
                0x0601fd80                        _gp = (ALIGN (0x10) + 0x7ff0)

.got
 *(.got)

.sdata
 *(.sdata .sdata.* .gnu.linkonce.s.*)

.lit8
 *(.lit8)

.lit4
 *(.lit4)
                0x06017d90                        _edata = .
                [!provide]                        PROVIDE (edata = .)
                0x06017d90                        . = .
                0x06017d90                        __bss_start = .
                0x06017d90                        _fbss = .

.sbss
 *(.dynsbss)
 *(.sbss .sbss.* .gnu.linkonce.sb.*)
 *(.scommon)

.bss            0x06017d90        0x0
 *(.dynbss)
 *(.bss .bss.* .gnu.linkonce.b.*)
 *(COMMON)
                0x06017d90                        . = ALIGN ((. != 0x0)?0x4:0x1)
                0x06017d90                        . = ALIGN (0x4)
                0x06017d90                        . = SEGMENT_START ("ldata-segment", .)
                0x06017d90                        . = ALIGN (0x4)
                0x06017d90                        _end = .
                [!provide]                        PROVIDE (end = .)
                0x06017d90                        . = DATA_SEGMENT_END (.)

.stab
 *(.stab)

.stabstr
 *(.stabstr)

.stab.excl
 *(.stab.excl)

.stab.exclstr
 *(.stab.exclstr)

.stab.index
 *(.stab.index)

.stab.indexstr
 *(.stab.indexstr)

.comment
 *(.comment)

.options        0x00000000       0x20
 .options       0x00000000       0x20 build/jp/actors/group15.o

.gnu.build.attributes
 *(.gnu.build.attributes .gnu.build.attributes.*)

.debug
 *(.debug)

.line
 *(.line)

.debug_srcinfo
 *(.debug_srcinfo)

.debug_sfnames
 *(.debug_sfnames)

.debug_aranges
 *(.debug_aranges)

.debug_pubnames
 *(.debug_pubnames)

.debug_info
 *(.debug_info .gnu.linkonce.wi.*)

.debug_abbrev
 *(.debug_abbrev)

.debug_line
 *(.debug_line .debug_line.* .debug_line_end)

.debug_frame
 *(.debug_frame)

.debug_str
 *(.debug_str)

.debug_loc
 *(.debug_loc)

.debug_macinfo
 *(.debug_macinfo)

.debug_weaknames
 *(.debug_weaknames)

.debug_funcnames
 *(.debug_funcnames)

.debug_typenames
 *(.debug_typenames)

.debug_varnames
 *(.debug_varnames)

.debug_pubtypes
 *(.debug_pubtypes)

.debug_ranges
 *(.debug_ranges)

.debug_addr
 *(.debug_addr)

.debug_line_str
 *(.debug_line_str)

.debug_loclists
 *(.debug_loclists)

.debug_macro
 *(.debug_macro)

.debug_names
 *(.debug_names)

.debug_rnglists
 *(.debug_rnglists)

.debug_str_offsets
 *(.debug_str_offsets)

.debug_sup
 *(.debug_sup)

.gnu.attributes
 *(.gnu.attributes)

.gptab.sdata    0x06017d90      0x1a8
 *(.gptab.data)
 .gptab.data    0x06017d90      0x1a8 build/jp/actors/group15.o
 *(.gptab.sdata)

.gptab.sbss
 *(.gptab.bss)
 *(.gptab.sbss)

.mdebug.abi32
 *(.mdebug.abi32)

.mdebug.abiN32
 *(.mdebug.abiN32)

.mdebug.abi64
 *(.mdebug.abi64)

.mdebug.abiO64
 *(.mdebug.abiO64)

.mdebug.eabi32
 *(.mdebug.eabi32)

.mdebug.eabi64
 *(.mdebug.eabi64)

.gcc_compiled_long32
 *(.gcc_compiled_long32)

.gcc_compiled_long64
 *(.gcc_compiled_long64)

/DISCARD/
 *(.note.GNU-stack)
 *(.gnu_debuglink)
 *(.gnu.lto_*)
OUTPUT(build/jp/actors/group15.elf elf32-tradbigmips)

.mdebug         0x00000000     0xc838
 .mdebug        0x00000000     0xf01c build/jp/actors/group15.o
