
Memory Configuration

Name             Origin             Length             Attributes
*default*        0x00000000         0xffffffff

Linker script and memory map

Address of section .text set to 0x6000000
LOAD build/jp/actors/group14.o
                [!provide]                        PROVIDE (__executable_start = SEGMENT_START ("text-segment", 0x400000))
                0x00400094                        . = (SEGMENT_START ("text-segment", 0x400000) + SIZEOF_HEADERS)

.interp
 *(.interp)

.MIPS.abiflags
 *(.MIPS.abiflags)

.reginfo        0x00400094       0x18
 *(.reginfo)
 .reginfo       0x00400094       0x18 build/jp/actors/group14.o

.MIPS.xhash
 *(.MIPS.xhash)

.note.gnu.build-id
 *(.note.gnu.build-id)

.dynamic
 *(.dynamic)

.hash
 *(.hash)

.gnu.hash
 *(.gnu.hash)

.dynsym
 *(.dynsym)

.dynstr
 *(.dynstr)

.gnu.version
 *(.gnu.version)

.gnu.version_d
 *(.gnu.version_d)

.gnu.version_r
 *(.gnu.version_r)

.rel.dyn        0x004000ac        0x0
 *(.rel.init)
 *(.rel.text .rel.text.* .rel.gnu.linkonce.t.*)
 *(.rel.fini)
 *(.rel.rodata .rel.rodata.* .rel.gnu.linkonce.r.*)
 *(.rel.data.rel.ro .rel.data.rel.ro.* .rel.gnu.linkonce.d.rel.ro.*)
 *(.rel.data .rel.data.* .rel.gnu.linkonce.d.*)
 *(.rel.tdata .rel.tdata.* .rel.gnu.linkonce.td.*)
 *(.rel.tbss .rel.tbss.* .rel.gnu.linkonce.tb.*)
 *(.rel.ctors)
 *(.rel.dtors)
 *(.rel.got)
 *(.rel.dyn)
 .rel.dyn       0x004000ac        0x0 build/jp/actors/group14.o
 *(.rel.sdata .rel.sdata.* .rel.gnu.linkonce.s.*)
 *(.rel.sbss .rel.sbss.* .rel.gnu.linkonce.sb.*)
 *(.rel.sdata2 .rel.sdata2.* .rel.gnu.linkonce.s2.*)
 *(.rel.sbss2 .rel.sbss2.* .rel.gnu.linkonce.sb2.*)
 *(.rel.bss .rel.bss.* .rel.gnu.linkonce.b.*)
                [!provide]                        PROVIDE (__rel_iplt_start = .)
 *(.rel.iplt)
                [!provide]                        PROVIDE (__rel_iplt_end = .)

.rela.dyn       0x004000ac        0x0
 *(.rela.init)
 *(.rela.text .rela.text.* .rela.gnu.linkonce.t.*)
 *(.rela.fini)
 *(.rela.rodata .rela.rodata.* .rela.gnu.linkonce.r.*)
 *(.rela.data .rela.data.* .rela.gnu.linkonce.d.*)
 *(.rela.tdata .rela.tdata.* .rela.gnu.linkonce.td.*)
 *(.rela.tbss .rela.tbss.* .rela.gnu.linkonce.tb.*)
 *(.rela.ctors)
 *(.rela.dtors)
 *(.rela.got)
 *(.rela.sdata .rela.sdata.* .rela.gnu.linkonce.s.*)
 *(.rela.sbss .rela.sbss.* .rela.gnu.linkonce.sb.*)
 *(.rela.sdata2 .rela.sdata2.* .rela.gnu.linkonce.s2.*)
 *(.rela.sbss2 .rela.sbss2.* .rela.gnu.linkonce.sb2.*)
 *(.rela.bss .rela.bss.* .rela.gnu.linkonce.b.*)
                [!provide]                        PROVIDE (__rela_iplt_start = .)
 *(.rela.iplt)
                [!provide]                        PROVIDE (__rela_iplt_end = .)

.rel.plt
 *(.rel.plt)

.rela.plt
 *(.rela.plt)

.init
 *(SORT_NONE(.init))

.text           0x06000000        0x0
                0x06000000                        _ftext = .
 *(.text.unlikely .text.*_unlikely .text.unlikely.*)
 *(.text.exit .text.exit.*)
 *(.text.startup .text.startup.*)
 *(.text.hot .text.hot.*)
 *(SORT_BY_NAME(.text.sorted.*))
 *(.text .stub .text.* .gnu.linkonce.t.*)
 *(.gnu.warning)
 *(.mips16.fn.*)
 *(.mips16.call.*)

.fini
 *(SORT_NONE(.fini))
                [!provide]                        PROVIDE (__etext = .)
                [!provide]                        PROVIDE (_etext = .)
                [!provide]                        PROVIDE (etext = .)

.rodata
 *(.rodata .rodata.* .gnu.linkonce.r.*)

.rodata1
 *(.rodata1)

.sdata2
 *(.sdata2 .sdata2.* .gnu.linkonce.s2.*)

.sbss2
 *(.sbss2 .sbss2.* .gnu.linkonce.sb2.*)

.eh_frame_hdr
 *(.eh_frame_hdr)
 *(.eh_frame_entry .eh_frame_entry.*)

.eh_frame
 *(.eh_frame)
 *(.eh_frame.*)

.sframe
 *(.sframe)
 *(.sframe.*)

.gcc_except_table
 *(.gcc_except_table .gcc_except_table.*)

.gnu_extab
 *(.gnu_extab*)

.exception_ranges
 *(.exception_ranges*)

.plt
 *(.plt)

.iplt
 *(.iplt)
                0x06000000                        . = DATA_SEGMENT_ALIGN (CONSTANT (MAXPAGESIZE), CONSTANT (COMMONPAGESIZE))

.eh_frame
 *(.eh_frame)
 *(.eh_frame.*)

.sframe
 *(.sframe)
 *(.sframe.*)

.gnu_extab
 *(.gnu_extab)

.gcc_except_table
 *(.gcc_except_table .gcc_except_table.*)

.exception_ranges
 *(.exception_ranges*)

.tdata          0x06000000        0x0
                [!provide]                        PROVIDE (__tdata_start = .)
 *(.tdata .tdata.* .gnu.linkonce.td.*)

.tbss
 *(.tbss .tbss.* .gnu.linkonce.tb.*)
 *(.tcommon)

.preinit_array  0x06000000        0x0
                [!provide]                        PROVIDE (__preinit_array_start = .)
 *(.preinit_array)
                [!provide]                        PROVIDE (__preinit_array_end = .)

.init_array     0x06000000        0x0
                [!provide]                        PROVIDE (__init_array_start = .)
 *(SORT_BY_INIT_PRIORITY(.init_array.*) SORT_BY_INIT_PRIORITY(.ctors.*))
 *(.init_array EXCLUDE_FILE(*crtend?.o *crtend.o *crtbegin?.o *crtbegin.o) .ctors)
                [!provide]                        PROVIDE (__init_array_end = .)

.fini_array     0x06000000        0x0
                [!provide]                        PROVIDE (__fini_array_start = .)
 *(SORT_BY_INIT_PRIORITY(.fini_array.*) SORT_BY_INIT_PRIORITY(.dtors.*))
 *(.fini_array EXCLUDE_FILE(*crtend?.o *crtend.o *crtbegin?.o *crtbegin.o) .dtors)
                [!provide]                        PROVIDE (__fini_array_end = .)

.ctors
 *crtbegin.o(.ctors)
 *crtbegin?.o(.ctors)
 *(EXCLUDE_FILE(*crtend?.o *crtend.o) .ctors)
 *(SORT_BY_NAME(.ctors.*))
 *(.ctors)

.dtors
 *crtbegin.o(.dtors)
 *crtbegin?.o(.dtors)
 *(EXCLUDE_FILE(*crtend?.o *crtend.o) .dtors)
 *(SORT_BY_NAME(.dtors.*))
 *(.dtors)

.jcr
 *(.jcr)

.data.rel.ro
 *(.data.rel.ro.local* .gnu.linkonce.d.rel.ro.local.*)
 *(.data.rel.ro .data.rel.ro.* .gnu.linkonce.d.rel.ro.*)
                0x06000000                        . = DATA_SEGMENT_RELRO_END (., 0x0)

.got.plt
 *(.got.plt)

.data           0x06000000    0x25cd0
                0x06000000                        _fdata = .
 *(.data .data.* .gnu.linkonce.d.*)
 .data          0x06000000    0x25cd0 build/jp/actors/group14.o
                0x06000968                koopa_flag_seg6_dl_06000968
                0x06000a08                koopa_flag_seg6_dl_06000A08
                0x06000ab8                koopa_flag_seg6_dl_06000AB8
                0x06000ae8                koopa_flag_seg6_dl_06000AE8
                0x06000b08                koopa_flag_seg6_dl_06000B08
                0x06000bc0                koopa_flag_seg6_dl_06000BC0
                0x06000bf8                koopa_flag_seg6_dl_06000BF8
                0x06000ca8                koopa_flag_seg6_dl_06000CA8
                0x06000ce0                koopa_flag_seg6_dl_06000CE0
                0x06000d90                koopa_flag_seg6_dl_06000D90
                0x06000db0                koopa_flag_seg6_dl_06000DB0
                0x06000e20                koopa_flag_seg6_dl_06000E20
                0x06000e38                koopa_flag_seg6_dl_06000E38
                0x06001028                koopa_flag_seg6_anims_06001028
                0x060022f0                poundable_pole_seg6_dl_060022F0
                0x06002358                poundable_pole_seg6_dl_06002358
                0x06002410                poundable_pole_seg6_dl_06002410
                0x06002490                poundable_pole_collision_06002490
                0x06007658                koopa_seg6_dl_06007658
                0x060076b0                koopa_seg6_dl_060076B0
                0x06007850                koopa_seg6_dl_06007850
                0x06007970                koopa_seg6_dl_06007970
                0x06007a60                koopa_seg6_dl_06007A60
                0x06007aa0                koopa_seg6_dl_06007AA0
                0x06007af8                koopa_seg6_dl_06007AF8
                0x06007b20                koopa_seg6_dl_06007B20
                0x06007fb8                koopa_seg6_dl_06007FB8
                0x06008050                koopa_seg6_dl_06008050
                0x060080f8                koopa_seg6_dl_060080F8
                0x06008250                koopa_seg6_dl_06008250
                0x06008530                koopa_seg6_dl_06008530
                0x060085e8                koopa_seg6_dl_060085E8
                0x06008640                koopa_seg6_dl_06008640
                0x060086d0                koopa_seg6_dl_060086D0
                0x060089b0                koopa_seg6_dl_060089B0
                0x06008a68                koopa_seg6_dl_06008A68
                0x06008ac0                koopa_seg6_dl_06008AC0
                0x06008b50                koopa_seg6_dl_06008B50
                0x0600b6e0                koopa_seg6_dl_0600B6E0
                0x0600b838                koopa_seg6_dl_0600B838
                0x0600b8b8                koopa_seg6_dl_0600B8B8
                0x0600ba10                koopa_seg6_dl_0600BA10
                0x0600ba90                koopa_seg6_dl_0600BA90
                0x0600bc18                koopa_seg6_dl_0600BC18
                0x0600bc88                koopa_seg6_dl_0600BC88
                0x0600be10                koopa_seg6_dl_0600BE10
                0x0600be80                koopa_seg6_dl_0600BE80
                0x0600c240                koopa_seg6_dl_0600C240
                0x0600c498                koopa_seg6_dl_0600C498
                0x06011364                koopa_seg6_anims_06011364
                0x06015438                piranha_plant_seg6_dl_06015438
                0x06015480                piranha_plant_seg6_dl_06015480
                0x06015530                piranha_plant_seg6_dl_06015530
                0x06015578                piranha_plant_seg6_dl_06015578
                0x06015798                piranha_plant_seg6_dl_06015798
                0x06015850                piranha_plant_seg6_dl_06015850
                0x06015e40                piranha_plant_seg6_dl_06015E40
                0x06015ea8                piranha_plant_seg6_dl_06015EA8
                0x06015f68                piranha_plant_seg6_dl_06015F68
                0x06016060                piranha_plant_seg6_dl_06016060
                0x060160b0                piranha_plant_seg6_dl_060160B0
                0x06016120                piranha_plant_seg6_dl_06016120
                0x06016750                piranha_plant_seg6_dl_06016750
                0x060167b8                piranha_plant_seg6_dl_060167B8
                0x06016890                piranha_plant_seg6_dl_06016890
                0x06016960                piranha_plant_seg6_dl_06016960
                0x060169a8                piranha_plant_seg6_dl_060169A8
                0x060169e8                piranha_plant_seg6_dl_060169E8
                0x06016a78                piranha_plant_seg6_dl_06016A78
                0x06016ba8                piranha_plant_seg6_dl_06016BA8
                0x06016c10                piranha_plant_seg6_dl_06016C10
                0x06016d30                piranha_plant_seg6_dl_06016D30
                0x06016d98                piranha_plant_seg6_dl_06016D98
                0x06016eb8                piranha_plant_seg6_dl_06016EB8
                0x06016f20                piranha_plant_seg6_dl_06016F20
                0x0601c31c                piranha_plant_seg6_anims_0601C31C
                0x0601c358                light_wallman
                0x0601c370                wallman_face_txt
                0x0601d370                wallman_back_txt
                0x0601e370                wallman_side_txt
                0x0601f370                wallman_hand_txt
                0x0601fb70                vtx_wall_body_0
                0x0601fbb0                vtx_wall_body_1
                0x0601fbf0                vtx_wall_body_2
                0x0601fcf0                gfx_wall_body_0
                0x0601fd38                gfx_wall_body_1
                0x0601fd70                gfx_wall_body_2
                0x0601fdd8                RCP_wallman_body
                0x0601fe58                vtx_wall_Larm_0
                0x06020018                gfx_wall_Larm_0
                0x060200a8                RCP_wallman_Larm
                0x06020118                vtx_wall_Rarm_0
                0x06020278                gfx_wall_Rarm_0
                0x06020308                RCP_wallman_Rarm
                0x06020378                vtx_wall_Lfoot_0
                0x06020598                gfx_wall_Lfoot_0
                0x06020640                RCP_wallman_Lfoot
                0x060206b0                vtx_wall_Rfoot_0
                0x060208d0                gfx_wall_Rfoot_0
                0x06020978                RCP_wallman_Rfoot
                0x060209e8                vtx_wall_Lhand_0
                0x06020a28                gfx_wall_Lhand_0
                0x06020a70                RCP_wallman_Lhand
                0x06020ae0                vtx_wall_Rhand_0
                0x06020b20                gfx_wall_Rhand_0
                0x06020b68                RCP_wallman_Rhand
                0x06021544                whomp_seg6_anims_06020A04
                0x0602154c                whomp_seg6_collision_06020A0C
                0x06021e28                chain_ball_seg6_dl_060212E8
                0x06024b40                chain_chomp_seg6_dl_06024000
                0x06024b80                chain_chomp_seg6_dl_06024040
                0x06024d80                chain_chomp_seg6_dl_06024240
                0x06025240                chain_chomp_seg6_dl_06024700
                0x06025440                chain_chomp_seg6_dl_06024900
                0x06025480                chain_chomp_seg6_dl_06024940
                0x060255e8                chain_chomp_seg6_dl_06024AA8
                0x06025640                chain_chomp_seg6_dl_06024B00
                0x06025830                chain_chomp_seg6_dl_06024CF0
                0x060258a0                chain_chomp_seg6_dl_06024D60
                0x06025a90                chain_chomp_seg6_dl_06024F50
                0x06025b00                chain_chomp_seg6_dl_06024FC0
                0x06025cb8                chain_chomp_seg6_anims_06025178

.data1
 *(.data1)
                0x06025cd0                        . = .
                0x0602dcc0                        _gp = (ALIGN (0x10) + 0x7ff0)

.got
 *(.got)

.sdata
 *(.sdata .sdata.* .gnu.linkonce.s.*)

.lit8
 *(.lit8)

.lit4
 *(.lit4)
                0x06025cd0                        _edata = .
                [!provide]                        PROVIDE (edata = .)
                0x06025cd0                        . = .
                0x06025cd0                        __bss_start = .
                0x06025cd0                        _fbss = .

.sbss
 *(.dynsbss)
 *(.sbss .sbss.* .gnu.linkonce.sb.*)
 *(.scommon)

.bss            0x06025cd0        0x0
 *(.dynbss)
 *(.bss .bss.* .gnu.linkonce.b.*)
 *(COMMON)
                0x06025cd0                        . = ALIGN ((. != 0x0)?0x4:0x1)
                0x06025cd0                        . = ALIGN (0x4)
                0x06025cd0                        . = SEGMENT_START ("ldata-segment", .)
                0x06025cd0                        . = ALIGN (0x4)
                0x06025cd0                        _end = .
                [!provide]                        PROVIDE (end = .)
                0x06025cd0                        . = DATA_SEGMENT_END (.)

.stab
 *(.stab)

.stabstr
 *(.stabstr)

.stab.excl
 *(.stab.excl)

.stab.exclstr
 *(.stab.exclstr)

.stab.index
 *(.stab.index)

.stab.indexstr
 *(.stab.indexstr)

.comment
 *(.comment)

.options        0x00000000       0x20
 .options       0x00000000       0x20 build/jp/actors/group14.o

.gnu.build.attributes
 *(.gnu.build.attributes .gnu.build.attributes.*)

.debug
 *(.debug)

.line
 *(.line)

.debug_srcinfo
 *(.debug_srcinfo)

.debug_sfnames
 *(.debug_sfnames)

.debug_aranges
 *(.debug_aranges)

.debug_pubnames
 *(.debug_pubnames)

.debug_info
 *(.debug_info .gnu.linkonce.wi.*)

.debug_abbrev
 *(.debug_abbrev)

.debug_line
 *(.debug_line .debug_line.* .debug_line_end)

.debug_frame
 *(.debug_frame)

.debug_str
 *(.debug_str)

.debug_loc
 *(.debug_loc)

.debug_macinfo
 *(.debug_macinfo)

.debug_weaknames
 *(.debug_weaknames)

.debug_funcnames
 *(.debug_funcnames)

.debug_typenames
 *(.debug_typenames)

.debug_varnames
 *(.debug_varnames)

.debug_pubtypes
 *(.debug_pubtypes)

.debug_ranges
 *(.debug_ranges)

.debug_addr
 *(.debug_addr)

.debug_line_str
 *(.debug_line_str)

.debug_loclists
 *(.debug_loclists)

.debug_macro
 *(.debug_macro)

.debug_names
 *(.debug_names)

.debug_rnglists
 *(.debug_rnglists)

.debug_str_offsets
 *(.debug_str_offsets)

.debug_sup
 *(.debug_sup)

.gnu.attributes
 *(.gnu.attributes)

.gptab.sdata    0x06025cd0      0x248
 *(.gptab.data)
 .gptab.data    0x06025cd0      0x248 build/jp/actors/group14.o
 *(.gptab.sdata)

.gptab.sbss
 *(.gptab.bss)
 *(.gptab.sbss)

.mdebug.abi32
 *(.mdebug.abi32)

.mdebug.abiN32
 *(.mdebug.abiN32)

.mdebug.abi64
 *(.mdebug.abi64)

.mdebug.abiO64
 *(.mdebug.abiO64)

.mdebug.eabi32
 *(.mdebug.eabi32)

.mdebug.eabi64
 *(.mdebug.eabi64)

.gcc_compiled_long32
 *(.gcc_compiled_long32)

.gcc_compiled_long64
 *(.gcc_compiled_long64)

/DISCARD/
 *(.note.GNU-stack)
 *(.gnu_debuglink)
 *(.gnu.lto_*)
OUTPUT(build/jp/actors/group14.elf elf32-tradbigmips)

.mdebug         0x00000000    0x101b0
 .mdebug        0x00000000    0x136b8 build/jp/actors/group14.o
