Archive member included to satisfy reference by file (symbol)

build/jp/libultra.a(bcopy.o)  build/jp/src/game/save_file.o (bcopy)
build/jp/libultra.a(bzero.o)  build/jp/src/game/memory.o (bzero)
build/jp/libultra.a(osInvalDCache.o)
                              build/jp/src/audio/synthesis.o (osInvalDCache)
build/jp/libultra.a(osInvalICache.o)
                              build/jp/src/game/memory.o (osInvalICache)
build/jp/libultra.a(osMapTLB.o)
                              build/jp/src/game/main.o (osMapTLB)
build/jp/libultra.a(osUnmapTLBAll.o)
                              build/jp/src/game/main.o (osUnmapTLBAll)
build/jp/libultra.a(osWritebackDCacheAll.o)
                              build/jp/src/audio/heap.o (osWritebackDCacheAll)
build/jp/libultra.a(osWritebackDCache.o)
                              build/jp/src/audio/playback.o (osWritebackDCache)
build/jp/libultra.a(parameters.o)
                              build/jp/src/buffers/zbuffer.o (osTvType)
build/jp/libultra.a(sqrtf.o)  build/jp/src/game/game_init.o (sqrtf)
build/jp/libultra.a(alBnkfNew.o)
                              build/jp/src/audio/load.o (alSeqFileNew)
build/jp/libultra.a(guOrthoF.o)
                              build/jp/src/game/rendering_graph_node.o (guOrtho)
build/jp/libultra.a(guPerspectiveF.o)
                              build/jp/src/game/rendering_graph_node.o (guPerspective)
build/jp/libultra.a(guRotateF.o)
                              build/jp/src/game/paintings.o (guRotate)
build/jp/libultra.a(guScaleF.o)
                              build/jp/src/game/paintings.o (guScale)
build/jp/libultra.a(guTranslateF.o)
                              build/jp/src/game/paintings.o (guTranslate)
build/jp/libultra.a(osAiGetLength.o)
                              build/jp/src/audio/external.o (osAiGetLength)
build/jp/libultra.a(osAiSetFrequency.o)
                              build/jp/src/audio/heap.o (osAiSetFrequency)
build/jp/libultra.a(osAiSetNextBuffer.o)
                              build/jp/src/audio/external.o (osAiSetNextBuffer)
build/jp/libultra.a(osContInit.o)
                              build/jp/src/game/game_init.o (osContInit)
build/jp/libultra.a(osContStartReadData.o)
                              build/jp/libultra.a(osContInit.o) (__osContPifRam)
build/jp/libultra.a(osCreateMesgQueue.o)
                              build/jp/src/audio/load.o (osCreateMesgQueue)
build/jp/libultra.a(osCreatePiManager.o)
                              build/jp/src/game/main.o (osCreatePiManager)
build/jp/libultra.a(osCreateThread.o)
                              build/jp/src/game/main.o (osCreateThread)
build/jp/libultra.a(osCreateViManager.o)
                              build/jp/src/game/main.o (osCreateViManager)
build/jp/libultra.a(__osDequeueThread.o)
                              build/jp/libultra.a(osCreateMesgQueue.o) (__osThreadTail)
build/jp/libultra.a(__osDevMgrMain.o)
                              build/jp/libultra.a(osCreatePiManager.o) (__osDevMgrMain)
build/jp/libultra.a(osEepromLongRead.o)
                              build/jp/src/game/save_file.o (osEepromLongRead)
build/jp/libultra.a(osEepromLongWrite.o)
                              build/jp/src/game/save_file.o (osEepromLongWrite)
build/jp/libultra.a(osEepromProbe.o)
                              build/jp/src/game/game_init.o (osEepromProbe)
build/jp/libultra.a(osEepromRead.o)
                              build/jp/libultra.a(osEepromLongRead.o) (osEepromRead)
build/jp/libultra.a(osEepromWrite.o)
                              build/jp/libultra.a(osEepromRead.o) (__osEepPifRam)
build/jp/libultra.a(osGetThreadPri.o)
                              build/jp/libultra.a(osCreatePiManager.o) (osGetThreadPri)
build/jp/libultra.a(osGetTime.o)
                              build/jp/src/game/profiler.o (osGetTime)
build/jp/libultra.a(osInitialize.o)
                              build/jp/src/game/main.o (osClockRate)
build/jp/libultra.a(__osPiCreateAccessQueue.o)
                              build/jp/libultra.a(osCreatePiManager.o) (gOsPiMessageQueue)
build/jp/libultra.a(osPiRawReadIo.o)
                              build/jp/libultra.a(osInitialize.o) (osPiRawReadIo)
build/jp/libultra.a(osPiRawStartDma.o)
                              build/jp/libultra.a(osCreatePiManager.o) (osPiRawStartDma)
build/jp/libultra.a(osPiStartDma.o)
                              build/jp/src/audio/load.o (osPiStartDma)
build/jp/libultra.a(osRecvMesg.o)
                              build/jp/src/audio/heap.o (osRecvMesg)
build/jp/libultra.a(osSendMesg.o)
                              build/jp/src/game/main.o (osSendMesg)
build/jp/libultra.a(osSetEventMesg.o)
                              build/jp/src/game/main.o (osSetEventMesg)
build/jp/libultra.a(osSetThreadPri.o)
                              build/jp/src/game/main.o (osSetThreadPri)
build/jp/libultra.a(osSetTime.o)
                              build/jp/src/game/main.o (osSetTime)
build/jp/libultra.a(osSetTimer.o)
[...]
Memory Configuration

Name             Origin             Length             Attributes
*default*        0x00000000         0xffffffff

Linker script and memory map

                0x80000000                        EXCEPTION_TLB_MISS = 0x80000000
                0xa4000000                        SP_DMEM = 0xa4000000
                0xa40004c0                        SP_DMEM_UNK0 = 0xa40004c0
                0xa4000774                        SP_DMEM_UNK1 = 0xa4000774
                0xa4001000                        SP_IMEM = 0xa4001000
                0xa4040010                        SP_STATUS_REG = 0xa4040010
                0xa4080000                        SP_PC = 0xa4080000
                0x0400049c                        D_CN_0400049C = 0x400049c
                0x0400074c                        D_CN_0400074C = 0x400074c
                0xa4300000                        MI_MODE_REG = 0xa4300000
                0xa4300004                        MI_VERSION_REG = 0xa4300004
                0xa4300008                        MI_INTR_REG = 0xa4300008
                0xa430000c                        MI_INTR_MASK_REG = 0xa430000c
                0xa4400010                        VI_CURRENT_REG = 0xa4400010
                0xa450000c                        AI_STATUS_REG = 0xa450000c
                0xa4600000                        PI_DRAM_ADDR_REG = 0xa4600000
                0xa4600004                        PI_CART_ADDR_REG = 0xa4600004
                0xa460000c                        PI_WR_LEN_REG = 0xa460000c
                0xa4600010                        PI_STATUS_REG = 0xa4600010
                0xa4600014                        PI_BSD_DOM1_LAT_REG = 0xa4600014
                0xa4600018                        PI_BSD_DOM1_PWD_REG = 0xa4600018
                0xa460001c                        PI_BSD_DOM1_PGS_REG = 0xa460001c
                0xa4600020                        PI_BSD_DOM1_RLS_REG = 0xa4600020
                0xa4700000                        RI_MODE_REG = 0xa4700000
                0xa4700010                        RI_REFRESH_REG = 0xa4700010
                0xa4800018                        SI_STATUS_REG = 0xa4800018
                0xb0000008                        D_B0000008 = 0xb0000008
                0xb0000010                        D_B0000010 = 0xb0000010
                0xb0000014                        D_B0000014 = 0xb0000014
                0xc0000000                        D_C0000000 = 0xc0000000
                0xc0000008                        D_C0000008 = 0xc0000008
                0xc000000c                        D_C000000C = 0xc000000c
                0x8000035c                        __osBbEepromAddress = 0x8000035c
                0x80000360                        __osBbEepromSize = 0x80000360
                0x80000364                        __osBbFlashAddress = 0x80000364
                0x80000368                        __osBbFlashSize = 0x80000368
                0x8000036c                        __osBbSramAddress = 0x8000036c
                0x80000370                        __osBbSramSize = 0x80000370
                0x80000374                        __osBbPakAddress = 0x80000374
                0x80000384                        __osBbPakSize = 0x80000384
                0x80000388                        __osBbIsBb = 0x80000388
                0x8000038c                        __osBbHackFlags = 0x8000038c
                0x00898600                        __romPos = 0x0
                0x04000000                        _bootSegmentStart = ADDR (.boot)
                0x00000000                        _bootSegmentRomStart = __romPos

.boot           0x04000000     0x1000 load address 0x00000000
 build/jp/asm/rom_header.o(.text)
 .text          0x04000000       0x40 build/jp/asm/rom_header.o
 build/jp/asm/boot.o(.text)
 .text          0x04000040      0xb30 build/jp/asm/boot.o
                0x04000040                ipl3_entry
 build/jp/asm/ipl3_font.o(.text)
 .text          0x04000b70      0x490 build/jp/asm/ipl3_font.o
                0x04000b70                ipl3_font
                0x04001000                        _bootSegmentEnd = (ADDR (.boot) + SIZEOF (.boot))
                0x00001000                        _bootSegmentRomEnd = (__romPos + SIZEOF (.boot))
                0x00898600                        __romPos = (__romPos + SIZEOF (.boot))
                0x80000400                        . = 0x80000400
                0x80000400                        _zbufferSegmentNoloadStart = ADDR (.zbuffer.noload)

.zbuffer.noload
                0x80000400    0x25800 load address 0x7c000400
 build/jp/src/buffers/zbuffer.o(.bss*)
 .bss           0x80000400    0x25800 build/jp/src/buffers/zbuffer.o
                0x80000400                gZBuffer
                0x8005c000                        . = 0x8005c000
                0x8005c000                        _buffersSegmentNoloadStart = ADDR (.buffers.noload)

.buffers.noload
                0x8005c000    0x85000 load address 0x7c05c000
 build/jp/src/buffers/buffers.o(.bss*)
 .bss           0x8005c000    0x601a0 build/jp/src/buffers/buffers.o
                0x8005c000                gDecompressionHeap
                0x80069000                gAudioHeap
                0x8009a200                gAudioSPTaskYieldBuffer
                0x8009a600                gUnusedThread2Stack
                0x8009ba00                gIdleThreadStack
                0x8009c200                gThread3Stack
                0x8009e200                gThread4Stack
                0x800a0200                gThread5Stack
                0x800a2200                gGfxSPTaskYieldBuffer
                0x800a2b00                gSaveBuffer
                0x800a2d00                gGfxSPTaskStack
                0x800a3100                gGfxPools
 build/jp/src/audio/globals_start.o(.bss*)
 .bss           0x800bc1a0       0x10 build/jp/src/audio/globals_start.o
                0x800bc1a0                gAudioGlobalsStartMarker
 build/jp/src/audio/synthesis.o(.bss*)
 .bss           0x800bc1b0       0xf0 build/jp/src/audio/synthesis.o
                0x800bc1b0                gSynthesisReverb
                0x800bc280                sAudioSynthesisPad
 build/jp/src/audio/heap.o(.bss*)
 .bss           0x800bc2a0     0x1770 build/jp/src/audio/heap.o
                0x800bc2a0                gVolume
                0x800bc2a2                gReverbDownsampleRate
                0x800bc2a3                sReverbDownsampleRateLog
                0x800bc2a8                gAudioSessionPool
                0x800bc2b8                gAudioInitPool
                0x800bc2c8                gNotesAndBuffersPool
                0x800bc2d8                sAudioHeapPad
                0x800bc2f8                gSeqAndBankPool
                0x800bc308                gPersistentCommonPool
                0x800bc318                gTemporaryCommonPool
                0x800bc328                gSeqLoadedPool
                0x800bc4f8                gBankLoadedPool
                0x800bc6c8                gUnusedLoadedPool
                0x800bc898                sSessionPoolSplit
                0x800bc8a8                sSeqAndBankPoolSplit
                0x800bc8b0                sPersistentCommonPoolSplit
                0x800bc8c0                sTemporaryCommonPoolSplit
                0x800bc8d0                gBankLoadStatus
                0x800bc910                gSeqLoadStatus
                0x800bca10                gAudioUnusedBuffer
 build/jp/src/audio/load.o(.bss*)
 .bss           0x800bda10     0x4370 build/jp/src/audio/load.o
                0x800bda10                gNotes
                0x800bda18                gSequencePlayers
                0x800bddd8                gSequenceChannels
                0x800bf5d8                gSequenceLayers
                0x800c0dd8                gSequenceChannelNone
                0x800c0e98                gLayerFreeList
                0x800c0ea8                gNoteFreeLists
                0x800c0ee8                gCurrAudioFrameDmaQueue
                0x800c0f00                gCurrAudioFrameDmaMesgBufs
                0x800c1000                gCurrAudioFrameDmaIoMesgBufs
                0x800c1500                gAudioDmaMesgQueue
                0x800c1518                gAudioDmaMesg
                0x800c1520                gAudioDmaIoMesg
                0x800c1538                sSampleDmas
                0x800c1b38                gSampleDmaNumListItems
                0x800c1b3c                sSampleDmaListSize1
                0x800c1b40                sUnused80226B40
                0x800c1b48                sSampleDmaReuseQueue1
                0x800c1c48                sSampleDmaReuseQueue2
                0x800c1d48                sSampleDmaReuseQueueTail1
                0x800c1d49                sSampleDmaReuseQueueTail2
                0x800c1d4a                sSampleDmaReuseQueueHead1
                0x800c1d4b                sSampleDmaReuseQueueHead2
                0x800c1d4c                gSeqFileHeader
                0x800c1d50                gAlCtlHeader
                0x800c1d54                gAlTbl
                0x800c1d58                gAlBankSets
                0x800c1d5c                gSequenceCount
                0x800c1d60                gCtlEntries
                0x800c1d64                gAiFrequency
                0x800c1d68                sDmaBufSize
                0x800c1d6c                gMaxAudioCmds
                0x800c1d70                gMaxSimultaneousNotes
                0x800c1d74                gSamplesPerFrameTarget
                0x800c1d78                gMinAiBufferLength
                0x800c1d7c                gTempoInternalToExternal
                0x800c1d7e                gAudioUpdatesPerFrame
                0x800c1d7f                gSoundMode
 build/jp/src/audio/data.o(.bss*)
 .bss           0x800c1d80      0x150 build/jp/src/audio/data.o
                0x800c1d80                gAudioFrameCount
                0x800c1d84                gCurrAudioFrameDmaCount
                0x800c1d88                gAudioTaskIndex
                0x800c1d8c                gCurrAiBufferIndex
                0x800c1d90                gAudioCmdBuffers
                0x800c1d98                gAudioCmd
                0x800c1d9c                gAudioTask
                0x800c1da0                gAudioTasks
                0x800c1e40                gAiBuffers
                0x800c1e4c                gAiBufferLengths
                0x800c1e58                gUnused80226E58
                0x800c1e98                gUnused80226E98
                0x800c1eb8                gAudioRandom
                0x800c1ec0                gAudioGlobalsEndMarker
                0x800c2000                        . = ALIGN (0x1000)
 *fill*         0x800c1ed0      0x130 
 build/jp/src/buffers/gfx_output_buffer.o(.bss*)
 .bss           0x800c2000    0x1f000 build/jp/src/buffers/gfx_output_buffer.o
                0x800c2000                gGfxSPTaskOutputBuffer
                0x800e1000                        _buffersSegmentNoloadEnd = (ADDR (.buffers.noload) + SIZEOF (.buffers.noload))
                0x800e1000                        _mainSegmentStart = ADDR (.main)
                0x00001000                        _mainSegmentRomStart = __romPos

.main           0x800e1000    0xecb40 load address 0x00001000
 build/jp/asm/entry.o(.text)
 .text          0x800e1000       0x50 build/jp/asm/entry.o
                0x800e1000                entry_point
 build/jp/src/game/crash_screen.o(.text)
 build/jp/src/game/main.o(.text)
 .text          0x800e1050      0xde0 build/jp/src/game/main.o
                0x800e1050                handle_debug_key_sequences
                0x800e1170                unknown_main_func
                0x800e11cc                stub_main_1
                0x800e11dc                stub_main_2
                0x800e11ec                stub_main_3
                0x800e11fc                setup_mesg_queues
                0x800e12e0                alloc_pool
                0x800e1334                create_thread
                0x800e1398                handle_nmi_request
                0x800e13e8                receive_new_tasks
                0x800e1518                start_sptask
                0x800e1598                interrupt_gfx_sptask
                0x800e15e8                start_gfx_sptask
                0x800e1644                pretend_audio_sptask_done
                0x800e1698                handle_vblank
                0x800e17f8                handle_sp_complete
                0x800e1948                handle_dp_complete
                0x800e19b4                thread3_main
                0x800e1b10                set_vblank_handler
                0x800e1b70                send_sp_task_message
                0x800e1bb0                dispatch_audio_sptask
                0x800e1c0c                exec_display_list
                0x800e1c98                turn_on_audio
                0x800e1cb4                turn_off_audio
                0x800e1cec                thread1_idle
                0x800e1dc0                main_func
 build/jp/src/game/game_init.o(.text)
 .text          0x800e1e30     0x1d60 build/jp/src/game/game_init.o
                0x800e1e30                init_rdp
                0x800e2164                init_rsp
                0x800e2244                init_z_buffer
                0x800e2384                select_framebuffer
                0x800e2470                clear_framebuffer
                0x800e25d4                clear_viewport
                0x800e2800                draw_screen_borders
                0x800e290c                make_viewport_clip_rect
                0x800e2a8c                create_gfx_task_structure
                0x800e2c1c                init_rcp
                0x800e2c64                end_master_display_list
                0x800e2d04                draw_reset_bars
                0x800e2e58                render_init
                0x800e2f2c                select_gfx_pool
                0x800e2fe0                display_and_vsync
                0x800e3254                adjust_analog_stick
                0x800e33e8                run_demo_inputs
                0x800e3588                read_controller_inputs
                0x800e3774                init_controllers
                0x800e38b4                setup_game_memory
                0x800e3a40                thread5_game_loop
 build/jp/src/game/sound_init.o(.text)
 .text          0x800e3b90      0x9a0 build/jp/src/game/sound_init.o
                0x800e3b90                reset_volume
                0x800e3ba8                lower_background_noise
                0x800e3c38                raise_background_noise
                0x800e3cc8                disable_background_sound
                0x800e3d10                enable_background_sound
                0x800e3d58                set_sound_mode
                0x800e3da4                play_menu_sounds
                0x800e3f3c                play_painting_eject_sound
                0x800e3fc0                play_infinite_stairs_music
                0x800e40c8                set_background_music
                0x800e417c                fadeout_music
                0x800e41cc                fadeout_level_music
                0x800e4220                play_cutscene_music
                0x800e4260                play_shell_music
                0x800e429c                stop_shell_music
                0x800e42e8                play_cap_music
                0x800e4354                fadeout_cap_music
                0x800e4398                stop_cap_music
                0x800e43e4                play_menu_sounds_extra
                0x800e4428                audio_game_loop_tick
                0x800e4450                thread4_sound
 build/jp/src/game/level_update.o(.text)
 .text          0x800e4530     0x29b0 build/jp/src/game/level_update.o
                0x800e4530                level_control_timer
                0x800e4608                pressed_pause
                0x800e46b4                set_play_mode
                0x800e46dc                warp_special
                0x800e4708                fade_into_special_warp
                0x800e477c                stub_level_update_1
                0x800e478c                load_level_init_text
                0x800e48ac                init_door_warp
                0x800e4960                set_mario_initial_cap_powerup
                0x800e4a04                set_mario_initial_action
                0x800e4c28                init_mario_after_warp
                0x800e4fac                warp_area
                0x800e5014                warp_level
                0x800e5060                warp_credits
                0x800e51fc                check_instant_warp
                0x800e540c                music_changed_through_warp
                0x800e5514                initiate_warp
                0x800e55c8                get_painting_warp_node
                0x800e5670                initiate_painting_warp
                0x800e57e0                level_trigger_warp
                0x800e5cdc                initiate_delayed_warp
                0x800e5f3c                update_hud_values
                0x800e6170                basic_update
                0x800e61c4                play_mode_normal
                0x800e63a0                play_mode_paused
                0x800e65c8                play_mode_frame_advance
                0x800e6694                level_set_transition
                0x800e66bc                play_mode_change_area
                0x800e677c                play_mode_change_level
                0x800e68b4                update_level
                0x800e6988                init_level
                0x800e6bd4                lvl_init_or_update
                0x800e6c58                lvl_init_from_save_file
                0x800e6d10                lvl_set_current_level
                0x800e6e9c                lvl_play_the_end_screen_sound
 build/jp/src/game/interaction.o(.text)
 .text          0x800e6ee0     0x48e0 build/jp/src/game/interaction.o
                0x800e6ee0                get_mario_cap_flag
                0x800e6fa8                object_facing_mario
                0x800e705c                mario_obj_angle_to_object
                0x800e70c8                determine_interaction
                0x800e740c                attack_object
                0x800e7508                mario_stop_riding_object
                0x800e755c                mario_grab_used_object
                0x800e75b0                mario_drop_held_object
                0x800e7670                mario_throw_held_object
                0x800e7784                mario_stop_riding_and_holding
                0x800e77ec                does_mario_have_normal_cap_on_head
                0x800e7818                mario_blow_off_cap
                0x800e7958                mario_lose_cap_to_enemy
                0x800e79e8                mario_retrieve_cap
                0x800e7a48                able_to_grab_object
                0x800e7aec                mario_get_collided_object
                0x800e7b6c                mario_check_object_grab
                0x800e7cf8                bully_knock_back_mario
                0x800e7fa4                bounce_off_object
                0x800e8020                hit_object_from_below
                0x800e81ac                determine_knockback_action
                0x800e8468                push_mario_out_of_object
                0x800e861c                bounce_back_from_attack
                0x800e86f4                should_push_or_pull_door
                0x800e87a0                take_damage_from_interact_object
                0x800e8888                take_damage_and_knock_back
                0x800e899c                reset_mario_pitch
                0x800e8a1c                interact_coin
                0x800e8aa8                interact_water_ring
                0x800e8ae0                interact_star_or_key
                0x800e8cfc                interact_bbh_entrance
                0x800e8dc0                interact_warp
                0x800e8f74                interact_warp_door
                0x800e91ac                get_door_save_file_flag
                0x800e92d0                interact_door
                0x800e959c                interact_cannon_base
                0x800e9628                interact_igloo_barrier
                0x800e9684                interact_tornado
                0x800e97a0                interact_whirlpool
                0x800e9880                interact_strong_wind
                0x800e9988                interact_flame
                0x800e9b04                interact_snufit_bullet
                0x800e9c34                interact_clam_or_bubba
                0x800e9cf4                interact_bully
                0x800e9ea8                interact_shock
                0x800ea020                interact_mr_blizzard
                0x800ea090                interact_hit_from_below
                0x800ea1ec                interact_bounce_top
                0x800ea32c                interact_unknown_08
                0x800ea3dc                interact_damage
                0x800ea44c                interact_breakable
                0x800ea524                interact_koopa_shell
                0x800ea628                check_object_grab_mario
                0x800ea73c                interact_pole
                0x800ea8e0                interact_hoot
                0x800ea9b0                interact_cap
                0x800eabac                interact_grabbable
                0x800eacec                mario_can_talk
                0x800ead84                check_read_sign
                0x800eaf18                check_npc_talk
                0x800eb018                interact_text
                0x800eb0b0                check_kick_or_punch_wall
                0x800eb270                mario_process_interactions
                0x800eb448                check_death_barrier
                0x800eb4dc                check_lava_boost
                0x800eb5a4                pss_begin_slide
                0x800eb5f8                pss_end_slide
                0x800eb67c                mario_handle_special_floors
 build/jp/src/game/mario.o(.text)
 .text          0x800eb7c0     0x46b0 build/jp/src/game/mario.o
                0x800eb7c0                is_anim_at_end
                0x800eb7fc                is_anim_past_end
                0x800eb838                set_mario_animation
                0x800eb984                set_mario_anim_with_accel
                0x800ebafc                set_anim_to_frame
                0x800ebbb8                is_anim_past_frame
                0x800ebcd4                find_mario_anim_flags_and_translation
                0x800ebea0                update_mario_pos_for_anim
                0x800ebf5c                return_mario_anim_y_translation
                0x800ebfa0                play_sound_if_no_flag
                0x800ec00c                play_mario_jump_sound
                0x800ec098                adjust_sound_for_speed
                0x800ec134                play_sound_and_spawn_particles
                0x800ec268                play_mario_action_sound
                0x800ec2d0                play_mario_landing_sound
                0x800ec334                play_mario_landing_sound_once
                0x800ec398                play_mario_heavy_landing_sound
                0x800ec3fc                play_mario_heavy_landing_sound_once
                0x800ec460                play_mario_sound
                0x800ec52c                mario_set_forward_vel
                0x800ec5a0                mario_get_floor_class
                0x800ec6d0                mario_get_terrain_sound_addend
                0x800ec870                resolve_and_return_wall_collisions
                0x800ec924                vec3f_find_ceil
                0x800ec97c                mario_facing_downhill
                0x800ec9fc                mario_floor_is_slippery
                0x800ecb24                mario_floor_is_slope
                0x800ecc4c                mario_floor_is_steep
                0x800ecd4c                find_floor_height_relative_polar
                0x800ece28                find_floor_slope
                0x800ecfc8                update_mario_sound_and_camera
                0x800ed0c4                set_steep_jump_action
                0x800eda88                set_mario_action
                0x800edbf0                set_jump_from_landing
                0x800ede34                set_jumping_action
                0x800edf0c                drop_and_set_mario_action
                0x800edf58                hurt_and_set_mario_action
                0x800edfac                check_common_action_exits
                0x800ee094                check_common_hold_action_exits
                0x800ee178                transition_submerged_to_walking
                0x800ee21c                set_water_plunge_action
                0x800ee31c                squish_mario_model
                0x800ee4b4                debug_print_speed_action_normal
                0x800ee5cc                update_mario_button_inputs
                0x800ee778                update_mario_joystick_inputs
                0x800ee87c                update_mario_geometry_inputs
                0x800eeb74                update_mario_inputs
                0x800eecdc                set_submerged_cam_preset_and_spawn_bubbles
                0x800eee7c                update_mario_health
                0x800ef0e0                update_mario_info_for_cam
                0x800ef164                mario_reset_bodystate
                0x800ef1bc                sink_mario_in_quicksand
                0x800ef214                update_and_return_cap_flags
                0x800ef3b4                mario_update_hitbox_and_cap_model
                0x800ef65c                execute_mario_action
                0x800ef914                init_mario
                0x800efd38                init_mario_from_save_file
 build/jp/src/game/mario_step.o(.text)
 .text          0x800efe70     0x1da0 build/jp/src/game/mario_step.o
                0x800efe70                get_additive_y_vel_for_jumps
                0x800efe8c                stub_mario_step_1
                0x800efea0                stub_mario_step_2
                0x800efeb0                transfer_bully_speed
                0x800f0028                init_bully_collision_data
                0x800f00ec                mario_bonk_reflection
                0x800f01a0                mario_update_quicksand
                0x800f03e0                mario_push_off_steep_floor
                0x800f0498                mario_update_moving_sand
                0x800f0598                mario_update_windy_ground
                0x800f0774                stop_and_set_height_to_floor
                0x800f07f8                stationary_ground_step
                0x800f0b4c                perform_ground_step
                0x800f0c88                check_ledge_grab
                0x800f0e70                perform_air_quarter_step
                0x800f12a4                apply_twirl_gravity
                0x800f1348                should_strengthen_gravity_for_jump_ascent
                0x800f13e0                apply_gravity
                0x800f17bc                apply_vertical_wind
                0x800f192c                perform_air_step
                0x800f1ae0                set_vel_from_pitch_and_yaw
                0x800f1b94                set_vel_from_yaw
 build/jp/src/game/mario_actions_cutscene.o(.text)
 .text          0x800f1c10     0x6d90 build/jp/src/game/mario_actions_cutscene.o
                0x800f1c10                get_credits_str_width
                0x800f1c98                print_displaying_credits_entry
                0x800f1da0                bhv_end_peach_loop
                0x800f1e1c                bhv_end_toad_loop
                0x800f1ed8                geo_switch_peach_eyes
                0x800f1ff0                get_star_collection_dialog
                0x800f207c                handle_save_menu
                0x800f2190                spawn_obj_at_mario_rel_yaw
                0x800f2228                cutscene_take_cap_off
                0x800f2288                cutscene_put_cap_on
                0x800f22e8                mario_ready_to_speak
                0x800f2380                set_mario_npc_dialog
                0x800f2488                act_reading_npc_dialog
                0x800f26c0                act_waiting_for_dialog
                0x800f274c                act_disappeared
                0x800f27f0                act_reading_automatic_dialog
                0x800f2a24                act_reading_sign
                0x800f2bec                act_debug_free_move
                0x800f2ec4                general_star_dance_handler
                0x800f3160                act_star_dance
                0x800f321c                act_star_dance_water
                0x800f3300                act_fall_after_star_grab
                0x800f340c                common_death_handler
                0x800f3484                act_standing_death
                0x800f352c                act_electrocution
                0x800f357c                act_suffocation
                0x800f35cc                act_death_on_back
                0x800f3638                act_death_on_stomach
                0x800f36a4                act_quicksand_death
                0x800f37bc                act_eaten_by_bubba
                0x800f3864                launch_mario_until_land
                0x800f38e8                act_unlocking_key_door
                0x800f3aec                act_unlocking_star_door
                0x800f3cd4                act_entering_star_door
                0x800f3fa4                act_going_through_door
                0x800f410c                act_warp_door_spawn
                0x800f4214                act_emerge_from_pipe
                0x800f4348                act_spawn_spin_airborne
                0x800f4480                act_spawn_spin_landing
                0x800f44ec                act_exit_airborne
                0x800f4594                act_falling_exit_airborne
                0x800f4610                act_exit_land_save_dialog
                0x800f4970                act_death_exit
                0x800f4a28                act_unused_death_exit
                0x800f4ab4                act_falling_death_exit
                0x800f4b40                act_special_exit_airborne
                0x800f4c38                act_special_death_exit
                0x800f4d0c                act_spawn_no_spin_airborne
                0x800f4d80                act_spawn_no_spin_landing
                0x800f4dfc                act_bbh_enter_spin
                0x800f51d4                act_bbh_enter_jump
                0x800f5350                act_teleport_fade_out
                0x800f543c                act_teleport_fade_in
                0x800f5598                act_shocked
                0x800f56ec                act_squished
                0x800f5b4c                act_putting_on_cap
                0x800f5be8                stuck_in_ground_handler
                0x800f5d3c                act_head_stuck_in_ground
                0x800f5d90                act_butt_stuck_in_ground
                0x800f5de4                act_feet_stuck_in_ground
                0x800f6994                generate_yellow_sparkles
                0x800f83d0                mario_execute_cutscene_action
 build/jp/src/game/mario_actions_automatic.o(.text)
 .text          0x800f89a0     0x2af0 build/jp/src/game/mario_actions_automatic.o
                0x800f89a0                add_tree_leaf_particles
                0x800f8a4c                play_climbing_sounds
                0x800f8b34                set_pole_position
                0x800f8e4c                act_holding_pole
                0x800f91c8                act_climbing_pole
                0x800f937c                act_grab_pole_slow
                0x800f9408                act_grab_pole_fast
                0x800f9508                act_top_of_pole_transition
                0x800f9608                act_top_of_pole
                0x800f9728                perform_hanging_step
                0x800f98d4                update_hang_moving
                0x800f9aa8                update_hang_stationary
                0x800f9b30                act_start_hanging
                0x800f9c8c                act_hanging
                0x800f9dbc                act_hang_moving
                0x800f9f5c                let_go_of_ledge
                0x800fa08c                climb_up_ledge
                0x800fa138                update_ledge_climb_camera
                0x800fa21c                update_ledge_climb
                0x800fa298                act_ledge_grab
                0x800fa548                act_ledge_climb_slow
                0x800fa63c                act_ledge_climb_down
                0x800fa6c0                act_ledge_climb_fast
                0x800fa768                act_grabbed
                0x800fa844                act_in_cannon
                0x800fad2c                act_tornado_twirling
                0x800fb140                check_common_automatic_cancels
                0x800fb1a8                mario_execute_automatic_action
 build/jp/src/game/mario_actions_stationary.o(.text)
 .text          0x800fb490     0x34b0 build/jp/src/game/mario_actions_stationary.o
                0x800fb490                check_common_idle_cancels
                0x800fb680                check_common_hold_idle_cancels
                0x800fb888                act_idle
                0x800fbaac                play_anim_sound
                0x800fbb18                act_start_sleeping
                0x800fbd20                act_sleeping
                0x800fbff0                act_waking_up
                0x800fc168                act_shivering
                0x800fc3b4                act_coughing
                0x800fc4ac                act_hold_idle
                0x800fc5ac                act_hold_heavy_idle
                0x800fc6d4                act_standing_against_wall
                0x800fc7c8                act_in_quicksand
                0x800fc890                act_crouching
                0x800fca4c                act_panting
                0x800fcb5c                act_hold_panting_unused
                0x800fcc58                stopping_step
                0x800fccb8                act_braking_stop
                0x800fcdb8                act_butt_slide_stop
                0x800fce74                act_hold_butt_slide_stop
                0x800fcf6c                act_slide_kick_slide_stop
                0x800fd00c                act_start_crouching
                0x800fd12c                act_stop_crouching
                0x800fd24c                act_start_crawling
                0x800fd36c                act_stop_crawling
                0x800fd45c                act_shockwave_bounce
                0x800fd6a0                landing_step
                0x800fd710                check_common_landing_cancels
                0x800fd844                act_jump_land_stop
                0x800fd8a0                act_double_jump_land_stop
                0x800fd8fc                act_side_flip_land_stop
                0x800fd970                act_freefall_land_stop
                0x800fd9cc                act_triple_jump_land_stop
                0x800fda2c                act_backflip_land_stop
                0x800fdac8                act_lava_boost_land
                0x800fdb38                act_long_jump_land_stop
                0x800fdbd4                act_hold_jump_land_stop
                0x800fdccc                act_hold_freefall_land_stop
                0x800fddc4                act_air_throw_land
                0x800fde90                act_twirl_land
                0x800fdfe8                act_ground_pound_land
                0x800fe0c4                act_first_person
                0x800fe260                check_common_stationary_cancels
                0x800fe374                mario_execute_stationary_action
 build/jp/src/game/mario_actions_moving.o(.text)
 .text          0x800fe940     0x60c0 build/jp/src/game/mario_actions_moving.o
                0x800fe940                tilt_body_running
                0x800fe9c4                play_step_sound
                0x800feb04                align_with_floor
                0x800feb7c                begin_walking_action
                0x800febdc                check_ledge_climb_down
                0x800fed94                slide_bonk
                0x800fee20                set_triple_jump_action
                0x800feeec                update_sliding_angle
                0x800ff220                update_sliding
                0x800ff634                apply_slope_accel
                0x800ff860                apply_landing_accel
                0x800ff8f8                update_shell_speed
                0x800ffb60                apply_slope_decel
                0x800ffc90                update_decelerating_speed
                0x800ffd28                update_walking_speed
                0x800fff3c                should_begin_sliding
                0x800ffff8                analog_stick_held_back
                0x8010003c                check_ground_dive_or_punch
                0x80100104                begin_braking_action
                0x801001d4                anim_and_audio_for_walk
                0x801005e4                anim_and_audio_for_hold_walk
                0x80100858                anim_and_audio_for_heavy_walk
                0x801008c0                push_or_sidle_wall
                0x80100b00                tilt_body_walking
                0x80100c94                tilt_body_ground_shell
                0x80100e1c                act_walking
                0x80101070                act_move_punching
                0x8010125c                act_hold_walking
                0x801014c4                act_hold_heavy_walking
                0x80101620                act_turning_around
                0x80101874                act_finish_turning_around
                0x80101970                act_braking
                0x80101af0                act_decelerating
                0x80101d68                act_hold_decelerating
                0x8010202c                act_riding_shell_ground
                0x80102250                act_crawling
                0x80102484                act_burning_ground
                0x8010274c                tilt_body_butt_slide
                0x8010280c                common_slide_action
                0x80102aac                common_slide_action_with_jump
                0x80102b7c                act_butt_slide
                0x80102bd4                act_hold_butt_slide
                0x80102c60                act_crouch_slide
                0x80102e30                act_slide_kick_slide
                0x80102fa4                stomach_slide_action
                0x801030b8                act_stomach_slide
                0x80103100                act_hold_stomach_slide
                0x8010317c                act_dive_slide
                0x801032b0                common_ground_knockback_action
                0x801034f0                act_hard_backward_ground_kb
                0x80103598                act_hard_forward_ground_kb
                0x80103620                act_backward_ground_kb
                0x8010366c                act_forward_ground_kb
                0x801036b8                act_soft_backward_ground_kb
                0x80103704                act_soft_forward_ground_kb
                0x80103750                act_ground_bonk
                0x801037c0                act_death_exit_land
                0x80103888                common_landing_action
                0x80103a34                common_landing_cancels
                0x80103bc4                act_jump_land
                0x80103c2c                act_freefall_land
                0x80103c94                act_side_flip_land
                0x80103d20                act_hold_jump_land
                0x80103dbc                act_hold_freefall_land
                0x80103e58                act_long_jump_land
                0x80103f38                act_double_jump_land
                0x80103fa0                act_triple_jump_land
                0x80104044                act_backflip_land
                0x801040fc                quicksand_jump_land_action
                0x80104244                act_quicksand_jump_land
                0x80104298                act_hold_quicksand_jump_land
                0x801042ec                check_common_moving_cancels
                0x80104410                mario_execute_moving_action
 build/jp/src/game/mario_actions_airborne.o(.text)
 .text          0x80104a00     0x5ff0 build/jp/src/game/mario_actions_airborne.o
                0x80104a00                play_flip_sounds
                0x80104a80                play_far_fall_sound
                0x80104b50                lava_boost_on_wall
                0x80104c48                check_fall_damage
                0x80104e24                check_kick_or_dive_in_air
                0x80104e80                should_get_stuck_in_ground
                0x80104f84                check_fall_damage_or_get_stuck
                0x80105018                check_horizontal_wind
                0x8010521c                update_air_with_turn
                0x8010544c                update_air_without_turn
                0x801056dc                update_lava_boost_or_twirling
                0x80105860                update_flying_yaw
                0x80105a08                update_flying_pitch
                0x80105b80                update_flying
                0x80105e48                common_air_action_step
                0x801060a4                act_jump
                0x80106144                act_double_jump
                0x80106218                act_triple_jump
                0x80106314                act_backflip
                0x801063a0                act_freefall
                0x801064ac                act_hold_jump
                0x801065a8                act_hold_freefall
                0x801066b4                act_side_flip
                0x801067c0                act_wall_kick_air
                0x8010686c                act_long_jump
                0x801068c0                act_riding_shell_air
                0x801069b4                act_twirling
                0x80106ba0                act_dive
                0x80106e78                act_air_throw
                0x80106f90                act_water_jump
                0x801070ec                act_hold_water_jump
                0x80107234                act_steep_jump
                0x801073b0                act_ground_pound
                0x8010764c                act_burning_jump
                0x80107790                act_burning_fall
                0x80107868                act_crazy_box_bounce
                0x80107af0                common_air_knockback_step
                0x80107c38                check_wall_kick
                0x80107cc4                act_backward_air_kb
                0x80107d44                act_forward_air_kb
                0x80107dc4                act_hard_backward_air_kb
                0x80107e28                act_hard_forward_air_kb
                0x80107e8c                act_thrown_backward
                0x80107f34                act_thrown_forward
                0x80108028                act_soft_bonk
                0x801080a8                act_getting_blown
                0x801082d4                act_air_hit_wall
                0x80108498                act_forward_rollout
                0x80108660                act_backward_rollout
                0x80108840                act_butt_slide_air
                0x80108a30                act_hold_butt_slide_air
                0x80108c5c                act_lava_boost
                0x80108f44                act_slide_kick
                0x801091b8                act_jump_kick
                0x80109310                act_shot_from_cannon
                0x80109584                act_flying
                0x80109a84                act_riding_hoot
                0x80109c18                act_flying_triple_jump
                0x80109f00                act_top_of_pole_jump
                0x80109f4c                act_vertical_wind
                0x8010a12c                act_special_triple_jump
                0x8010a304                check_common_airborne_cancels
                0x8010a3f0                mario_execute_airborne_action
 build/jp/src/game/mario_actions_submerged.o(.text)
 .text          0x8010a9f0     0x4da0 build/jp/src/game/mario_actions_submerged.o
                0x8010f27c                mario_execute_submerged_action
 build/jp/src/game/mario_actions_object.o(.text)
 .text          0x8010f790     0x10d0 build/jp/src/game/mario_actions_object.o
                0x8010f790                animated_stationary_ground_step
                0x8010f7f0                mario_update_punch_sequence
                0x8010fa44                act_punching
                0x8010fb38                act_picking_up
                0x8010fcc8                act_dive_picking_up
                0x8010fd94                act_placing_down
                0x8010fe60                act_throwing
                0x8010ff8c                act_heavy_throw
                0x80110080                act_stomach_slide_stop
                0x8011014c                act_picking_up_bowser
                0x80110200                act_holding_bowser
                0x80110504                act_releasing_bowser
                0x80110598                check_common_object_cancels
                0x8011066c                mario_execute_object_action
 build/jp/src/game/level_geo.o(.text)
 .text          0x80110860      0x2e0 build/jp/src/game/level_geo.o
                0x80110860                geo_envfx_main
                0x80110a64                geo_skybox_main
 build/jp/src/game/mario_misc.o(.text)
 .text          0x80110b40     0x1a10 build/jp/src/game/mario_misc.o
                0x80110b40                geo_draw_mario_head_goddard
                0x80110ec4                bhv_toad_message_loop
                0x80110f88                bhv_toad_message_init
                0x80111230                bhv_unlock_door_star_init
                0x80111344                bhv_unlock_door_star_loop
                0x8011171c                geo_mirror_mario_set_alpha
                0x801117c8                geo_switch_mario_stand_run
                0x80111834                geo_switch_mario_eyes
                0x8011190c                geo_mario_tilt_torso
                0x80111a1c                geo_mario_head_rotation
                0x80111b6c                geo_switch_mario_hand
                0x80111c44                geo_mario_hand_foot_scaler
                0x80111d50                geo_switch_mario_cap_effect
                0x80111db8                geo_switch_mario_cap_on_off
                0x80111e9c                geo_mario_rotate_wing_cap_wings
                0x80111fd4                geo_switch_mario_hand_grab_pos
                0x8011218c                geo_render_mirror_mario
                0x801123e4                geo_mirror_mario_backface_culling
 build/jp/src/game/memory.o(.text)
 .text          0x80112550     0x1290 build/jp/src/game/memory.o
                0x80112550                set_segment_base_addr
                0x80112590                get_segment_base_addr
                0x801125c0                segmented_to_virtual
                0x80112618                virtual_to_segmented
                0x80112660                move_segment_table_to_dmem
                0x801126e4                main_pool_init
                0x80112790                main_pool_alloc
                0x801128a8                main_pool_free
                0x801129c8                main_pool_realloc
                0x80112a38                main_pool_available
                0x80112a58                main_pool_push_state
                0x80112b08                main_pool_pop_state
                0x80112cfc                load_segment
                0x80112d60                load_to_fixed_pool_addr
                0x80112e48                load_segment_decompress
                0x80112f24                load_segment_decompress_heap
                0x80112fe4                load_engine_code_segment
                0x80113090                alloc_only_pool_init
                0x80113134                alloc_only_pool_alloc
                0x801131a4                alloc_only_pool_resize
                0x80113214                mem_pool_init
                0x801132d4                mem_pool_alloc
                0x801133f0                mem_pool_free
                0x801135a8                alloc_display_list
                0x801136a4                setup_dma_table_list
                0x80113700                load_patchable_table
 build/jp/src/game/save_file.o(.text)
 .text          0x801137e0     0x1670 build/jp/src/game/save_file.o
                0x80113ec0                save_file_do_save
                0x80113f7c                save_file_erase
                0x80113fe0                save_file_copy
                0x8011405c                save_file_load_all
                0x80114248                save_file_reload
                0x801142c4                save_file_collect_star_or_key
                0x801144c4                save_file_exists
                0x80114500                save_file_get_max_coin_score
                0x80114600                save_file_get_course_star_count
                0x80114690                save_file_get_total_star_count
                0x80114728                save_file_set_flags
                0x80114774                save_file_clear_flags
                0x801147ec                save_file_get_flags
                0x80114848                save_file_get_star_flags
                0x801148bc                save_file_set_star_flags
                0x80114990                save_file_get_course_coin_score
                0x801149c0                save_file_is_cannon_unlocked
                0x80114a10                save_file_set_cannon_unlocked
                0x80114a98                save_file_set_cap_pos
                0x80114b2c                save_file_get_cap_pos
                0x80114be4                save_file_set_sound_mode
                0x80114c34                save_file_get_sound_mode
                0x80114c54                save_file_move_cap_to_default_location
                0x80114d18                disable_warp_checkpoint
                0x80114d30                check_if_should_set_warp_checkpoint
                0x80114d98                check_warp_checkpoint
 build/jp/src/game/area.o(.text)
 .text          0x80114e50      0xee0 build/jp/src/game/area.o
                0x80114e50                override_viewport_and_clip
                0x80114ebc                set_warp_transition_rgb
                0x80114f30                print_intro_text
                0x80114fbc                get_mario_spawn_type
                0x80115048                area_get_warp_node
                0x801150a8                area_get_warp_node_from_params
                0x801150f4                load_obj_warp_nodes
                0x80115184                clear_areas
                0x801153f4                clear_area_graph_nodes
                0x801154c4                load_area
                0x801155c8                unload_area
                0x8011563c                load_mario_area
                0x801156b8                unload_mario_area
                0x80115740                change_area
                0x801157e4                area_update_objects
                0x80115820                play_transition
                0x801159dc                play_transition_after_delay
                0x80115a34                render_game
 build/jp/src/game/rendering_graph_node.o(.text)
 .text          0x80115d30     0x2d20 build/jp/src/game/rendering_graph_node.o
                0x801175a4                geo_set_animation_globals
                0x801180f0                geo_process_held_object
                0x801184d4                geo_try_process_children
                0x80118514                geo_process_node_and_siblings
                0x8011879c                geo_process_root
 build/jp/src/game/profiler.o(.text)
 .text          0x80118a50     0x1100 build/jp/src/game/profiler.o
                0x80118a50                profiler_log_thread5_time
                0x80118b00                profiler_log_thread4_time
                0x80118b90                profiler_log_gfx_time
                0x80118c3c                profiler_log_vblank_time
                0x80118ccc                draw_profiler_bar
                0x80118fc8                draw_reference_profiler_bars
                0x8011923c                draw_profiler_mode_1
                0x8011951c                draw_profiler_mode_0
                0x80119ad0                draw_profiler
 build/jp/asm/decompress.o(.text)
 .text          0x80119b50       0xb0 build/jp/asm/decompress.o
                0x80119b50                decompress
 build/jp/src/game/camera.o(.text)
 .text          0x80119c00    0x1a290 build/jp/src/game/camera.o
                0x80119c00                set_camera_shake_from_hit
                0x80119f28                set_environmental_camera_shake
                0x8011a060                set_camera_shake_from_point
                0x8011a1e4                unused_set_camera_pitch_shake_env
                0x8011a288                calc_y_to_curr_floor
                0x8011a490                focus_on_mario
                0x8011a668                set_camera_height
                0x8011a9d8                look_down_slopes
                0x8011ab64                pan_ahead_of_player
                0x8011ad0c                find_in_bounds_yaw_wdw_bob_thi
                0x8011ae78                update_radial_camera
                0x8011afd8                update_8_directions_camera
                0x8011b168                radial_camera_move
                0x8011b7f0                lakitu_zoom
                0x8011ba24                radial_camera_input_default
                0x8011ba54                update_yaw_and_dist_from_c_up
                0x8011bad4                mode_radial_camera
                0x8011bbf0                mode_8_directions_camera
                0x8011bd08                update_outward_radial_camera
                0x8011be64                mode_outward_radial_camera
                0x8011bf6c                update_parallel_tracking_camera
                0x8011c8e8                update_fixed_camera
                0x8011cd08                update_boss_fight_camera
                0x8011d274                unused_update_mode_5_camera
                0x8011d2a4                mode_boss_fight_camera
                0x8011d2e4                mode_parallel_tracking_camera
                0x8011d348                mode_fixed_camera
                0x8011d3e0                update_behind_mario_camera
                0x8011d9a8                mode_behind_mario
                0x8011dbe0                update_slide_camera
                0x8011e04c                mode_behind_mario_camera
                0x8011e080                nop_update_water_camera
                0x8011e09c                mode_water_surface_camera
                0x8011e0d0                update_mario_camera
                0x8011e160                update_default_camera
                0x8011f310                mode_default_camera
                0x8011f354                mode_lakitu_camera
                0x8011f390                mode_mario_camera
                0x8011f3cc                update_spiral_stairs_camera
                0x8011f704                mode_spiral_stairs_camera
                0x8011f744                update_slide_or_0f_camera
                0x8011f834                mode_slide_camera
                0x8011f8c4                store_lakitu_cam_info_for_c_up
                0x8011f94c                set_mode_c_up
                0x8011f9c8                exit_c_up
                0x8011fe60                update_c_up
                0x8011fefc                move_mario_head_c_up
                0x80120084                move_into_c_up
                0x80120378                mode_c_up_camera
                0x80120530                update_in_cannon
                0x801205b8                mode_cannon_camera
                0x80120694                transition_next_state
                0x801206e0                transition_to_camera_mode
                0x801207e0                set_camera_mode
                0x80120a78                update_lakitu
                0x80120f50                update_camera
                0x80121568                reset_camera
                0x8012184c                init_camera
                0x80121fb4                zoom_out_if_paused_and_outside
                0x8012218c                select_mario_cam_mode
                0x801221a8                create_camera
                0x80122280                update_graph_node_camera
                0x801222f8                geo_camera_main
                0x80122388                stub_camera_2
                0x8012239c                stub_camera_3
                0x801223b0                vec3f_sub
                0x801223f0                object_pos_to_vec3f
                0x80122418                vec3f_to_object_pos
                0x80122440                unused_object_angle_to_vec3s
                0x80122468                evaluate_cubic_spline
                0x801228ac                move_point_along_spline
                0x80122bec                cam_select_alt_mode
                0x80122ce0                set_cam_angle
                0x80122e50                set_handheld_shake
                0x80122f78                shake_camera_handheld
                0x801232ac                find_c_buttons_pressed
                0x80123430                update_camera_hud_status
                0x80123524                collide_with_walls
                0x80123760                vec3f_compare
                0x801237dc                clamp_pitch
                0x801238a0                is_within_100_units_of_mario
                0x80123924                set_or_approach_f32_asymptotic
                0x801239bc                approach_f32_asymptotic_bool
                0x80123a50                approach_f32_asymptotic
                0x80123a7c                approach_s16_asymptotic_bool
                0x80123b34                approach_s16_asymptotic
                0x80123bd8                approach_vec3f_asymptotic
                0x80123c4c                set_or_approach_vec3f_asymptotic
                0x80123cc0                approach_vec3s_asymptotic
                0x80123d34                camera_approach_s16_symmetric_bool
                0x80123e14                camera_approach_s16_symmetric
                0x80123f04                set_or_approach_s16_symmetric
                0x80123f94                camera_approach_f32_symmetric_bool
                0x801240d4                camera_approach_f32_symmetric
                0x801241c8                random_vec3s
                0x801242e8                reduce_by_dist_from_camera
                0x80124550                clamp_positions_and_find_yaw
                0x80124648                calc_avoid_yaw
                0x801246bc                is_surf_within_bounding_box
                0x80124ab4                is_behind_surface
                0x80124c84                is_range_behind_surface
                0x80124db4                is_mario_behind_surface
                0x80124dfc                scale_along_line
                0x80124eb0                is_pos_in_bounds
                0x80124ff0                calculate_pitch
                0x801250a0                calculate_yaw
                0x80125128                calculate_angles
                0x801251f0                calc_abs_dist
                0x80125294                calc_hor_dist
                0x80125314                rotate_in_xz
                0x801253e4                rotate_in_yz
                0x801254b8                set_camera_pitch_shake
                0x80125514                set_camera_yaw_shake
                0x801255d4                set_camera_roll_shake
                0x80125630                set_pitch_shake_from_point
                0x801256e4                set_yaw_shake_from_point
                0x80125798                increment_shake_offset
                0x801257e0                shake_camera_pitch
                0x801258f4                shake_camera_yaw
                0x80125a00                shake_camera_roll
                0x80125ad4                offset_yaw_outward_radial
                0x80125cec                play_camera_buzz_if_cdown
                0x80125d2c                play_camera_buzz_if_cbutton
                0x80125d6c                play_camera_buzz_if_c_sideways
                0x80125db8                play_sound_cbutton_up
                0x80125dec                play_sound_cbutton_down
                0x80125e20                play_sound_cbutton_side
                0x80125e54                play_sound_button_change_blocked
                0x80125e88                play_sound_rbutton_changed
                0x80125ebc                play_sound_if_cam_switched_to_lakitu_or_mario
                0x80125f2c                radial_camera_input
                0x80126290                trigger_cutscene_dialog
                0x801262f4                handle_c_button_movement
                0x80126588                clear_cutscene_vars
                0x8012668c                start_cutscene
                0x801266dc                determine_dance_cutscene
                0x801267bc                open_door_cutscene
                0x80126818                get_cutscene_from_mario_status
                0x80126c84                warp_camera
                0x80126dd4                approach_camera_height
                0x80126e90                stub_camera_4
                0x80126eb0                set_focus_rel_mario
                0x801270d4                offset_rotated
                0x80127278                offset_rotated_coords
                0x801272d0                determine_pushing_or_pulling_door
                0x80127308                next_lakitu_state
                0x80127930                set_camera_mode_fixed
                0x80127a90                set_camera_mode_8_directions
                0x80127ae0                set_camera_mode_boss_fight
                0x80127b3c                set_camera_mode_close_cam
                0x80127b7c                set_camera_mode_radial
                0x80127c80                parallel_tracking_init
                0x80127d6c                set_fixed_cam_axis_sa_lobby
                0x80127e10                check_blocking_area_processing
                0x80127efc                cam_rr_exit_building_side
                0x80127f34                cam_rr_exit_building_top
                0x80127fd0                cam_rr_enter_building_window
                0x8012801c                cam_rr_enter_building
                0x80128098                cam_rr_enter_building_side
                0x801280d8                cam_cotmc_exit_waterfall
                0x80128100                cam_sl_snowman_head_8dir
                0x80128154                cam_sl_free_roam
                0x80128188                move_camera_through_floor_while_descending
                0x8012822c                cam_hmc_enter_maze
                0x801282ec                cam_hmc_elevator_black_hole
                0x8012831c                cam_hmc_elevator_maze_emergency_exit
                0x80128350                cam_hmc_elevator_lake
                0x80128384                cam_hmc_elevator_maze
                0x801283b8                cam_ssl_enter_pyramid_top
                0x801283e4                cam_ssl_pyramid_center
                0x8012842c                cam_ssl_boss_room
                0x80128474                cam_thi_move_cam_through_tunnel
                0x801284a8                cam_thi_look_through_tunnel
                0x801284dc                cam_bob_tower
                0x80128524                cam_bob_default_free_roam
                0x80128558                cam_castle_hmc_start_pool_cutscene
                0x801285ac                cam_castle_lobby_entrance
                0x80128624                cam_castle_look_upstairs
                0x801286d0                cam_castle_basement_look_downstairs
                0x80128758                cam_castle_enter_lobby
                0x801287c0                cam_castle_enter_spiral_stairs
                0x8012884c                cam_castle_close_mode
                0x80128878                cam_castle_leave_lobby_sliding_door
                0x801288b0                cam_castle_enter_lobby_sliding_door
                0x801288dc                cam_bbh_room_6
                0x80128910                cam_bbh_fall_off_roof
                0x8012893c                cam_bbh_fall_into_pool
                0x801289e4                cam_bbh_room_1
                0x80128a1c                cam_bbh_leave_front_door
                0x80128a54                cam_bbh_room_2_lower
                0x80128a8c                cam_bbh_room_4
                0x80128ac4                cam_bbh_room_8
                0x80128afc                cam_bbh_room_5_library
                0x80128b34                cam_bbh_room_5_library_to_hidden_transition
                0x80128b84                cam_bbh_room_5_hidden_to_library_transition
                0x80128bd4                cam_bbh_room_5_hidden
                0x80128c18                cam_bbh_room_3
                0x80128c50                cam_bbh_room_7_mr_i
                0x80128c88                cam_bbh_room_7_mr_i_to_coffins_transition
                0x80128cd8                cam_bbh_room_7_coffins_to_mr_i_transition
                0x80128d28                cam_bbh_elevator_room_lower
                0x80128d60                cam_bbh_room_0_back_entrance
                0x80128d8c                cam_bbh_elevator
                0x80128df0                cam_bbh_room_12_upper
                0x80128e34                cam_bbh_enter_front_door
                0x80128e60                cam_bbh_room_2_library
                0x80128e98                cam_bbh_room_2_library_to_trapdoor_transition
                0x80128ee8                cam_bbh_room_2_trapdoor
                0x80128f20                cam_bbh_room_2_trapdoor_transition
                0x80128f70                cam_bbh_room_9_attic
                0x80128fa8                cam_bbh_room_9_attic_transition
                0x80128ff8                cam_bbh_room_9_mr_i_transition
                0x80129048                cam_bbh_room_13_balcony
                0x80129080                cam_bbh_room_0
                0x801290c4                cam_ccm_enter_slide_shortcut
                0x801290ec                cam_ccm_leave_slide_shortcut
                0x80129118                surface_type_modes
                0x801291f0                set_mode_if_not_set_by_surface
                0x80129258                surface_type_modes_thi
                0x80129370                camera_course_processing
                0x80129b30                resolve_geometry_collisions
                0x80129dd4                rotate_camera_around_walls
                0x8012a15c                find_mario_floor_and_ceil
                0x8012a2e4                start_object_cutscene
                0x8012a318                start_object_cutscene_without_focus
                0x8012a344                unused_dialog_cutscene_response
                0x8012a3c4                cutscene_object_with_dialog
                0x8012a488                cutscene_object_without_dialog
                0x8012a4cc                cutscene_object
                0x8012a558                update_camera_yaw
                0x8012a5a0                cutscene_reset_spline
                0x8012a5c4                stop_cutscene_and_retrieve_stored_info
                0x8012a628                cap_switch_save
                0x8012a664                init_spline_point
                0x8012a6bc                copy_spline_segment
                0x8012a878                cutscene_common_set_dialog_state
                0x8012a968                reset_pan_distance
                0x8012a988                player2_rotate_cam
                0x8012abd0                store_info_cannon
                0x8012ac40                retrieve_info_cannon
                0x8012acb0                store_info_star
                0x8012ad34                retrieve_info_star
                0x8012ae1c                pan_camera
                0x8012aea8                cutscene_shake_explosion
                0x8012af08                rotate_and_move_vec3f
                0x8012afa0                set_flag_post_door
                0x8012aff0                cutscene_soften_music
                0x8012b024                cutscene_unsoften_music
                0x8012b068                cutscene_unused_start
                0x8012b07c                cutscene_unused_loop
                0x8012b090                cutscene_ending_stop
                0x8012b0d0                cutscene_grand_star_start
                0x8012b148                cutscene_grand_star_front_of_mario
                0x8012b220                cutscene_grand_star_mario_jump
                0x8012b284                cutscene_grand_star_accel_cvar2
                0x8012b2d4                cutscene_grand_star_approach_mario
                0x8012b360                cutscene_grand_star_move_cvar2
                0x8012b3a8                cutscene_grand_star_focus_mario
                0x8012b43c                cutscene_grand_star
                0x8012b51c                cutscene_grand_star_fly_start
                0x8012b5f0                cutscene_grand_star_fly_move_to_mario
                0x8012b684                cutscene_grand_star_fly_mario_offscreen
                0x8012b7a4                cutscene_grand_star_fly_app_cvars
                0x8012b8d0                cutscene_grand_star_fly
                0x8012b968                focus_in_front_of_mario
                0x8012b9f8                cutscene_dance_move_to_mario
                0x8012ba90                cutscene_dance_rotate
                0x8012badc                cutscene_dance_rotate_move_back
                0x8012bb24                cutscene_dance_rotate_move_towards_mario
                0x8012bb80                cutscene_dance_default_focus_mario
                0x8012bbb8                cutscene_dance_rotate_focus_mario
                0x8012bbf0                cutscene_dance_shake_fov
                0x8012bc24                cutscene_dance_default_rotate
                0x8012bd94                star_dance_bound_yaw
                0x8012be48                cutscene_dance_closeup_start
                0x8012bf3c                cutscene_dance_closeup_focus_mario
                0x8012bfd4                cutscene_dance_closeup_fly_above
                0x8012c0e0                cutscene_dance_closeup_fly_closer
                0x8012c18c                cutscene_dance_closeup_zoom
                0x8012c1b8                cutscene_dance_closeup_shake_fov
                0x8012c1ec                cutscene_dance_closeup
                0x8012c36c                cutscene_dance_fly_away_start
                0x8012c4ec                cutscene_dance_fly_away_approach_mario
                0x8012c598                cutscene_dance_fly_away_focus_mario
                0x8012c630                cutscene_pan_cvar9
                0x8012c6ac                cutscene_dance_fly_rotate_around_mario
                0x8012c704                cutscene_dance_fly_away_rotate_while_flying
                0x8012c750                cutscene_dance_fly_away_shake_fov
                0x8012c784                cutscene_dance_fly_away
                0x8012c85c                cutscene_key_dance_jump_cvar
                0x8012c8d0                cutscene_key_dance_jump_closeup
                0x8012c92c                cutscene_key_dance_jump_lower_left
                0x8012c98c                cutscene_key_dance_jump_above
                0x8012c9f8                cutscene_key_dance_jump_last
                0x8012ca60                cutscene_key_dance_shake_fov
                0x8012ca94                cutscene_key_dance_handheld_shake
                0x8012cac0                cutscene_key_dance_focus_mario
                0x8012caf8                cutscene_key_dance
                0x8012cbf4                cutscene_bowser_area_shake_fov
                0x8012cc20                cutscene_bowser_area_start_bowser_walking
                0x8012cc44                cutscene_bowser_arena_set_pos
                0x8012ccb4                cutscene_bowser_arena_focus_sine
                0x8012cd4c                cutscene_bowser_arena_set_focus
                0x8012cd90                cutscene_bowser_arena_adjust_offsets
                0x8012ce08                cutscene_bowser_arena_pan_left
                0x8012ce48                cutscene_bowser_arena_mario_dialog
                0x8012ce74                cutscene_stop_dialog
                0x8012cea0                cutscene_bowser_arena_start
                0x8012cf54                bowser_fight_intro_dialog
                0x8012cfd8                cutscene_bowser_arena_dialog
                0x8012d034                cutscene_bowser_arena_end
                0x8012d0b0                cutscene_bowser_arena
                0x8012d228                cutscene_exit_waterfall_warp
                0x8012d26c                cutscene_exit_to_castle_grounds_focus_mario
                0x8012d314                cutscene_exit_waterfall
                0x8012d370                cutscene_exit_to_castle_grounds_end
                0x8012d3c4                cutscene_exit_fall_to_castle_grounds_warp
                0x8012d408                cutscene_exit_fall_to_castle_grounds
                0x8012d464                cutscene_red_coin_star_start
                0x8012d4bc                cutscene_red_coin_star_focus_xz
                0x8012d520                cutscene_red_coin_star_focus_y
                0x8012d564                cutscene_red_coin_star_look_up_at_star
                0x8012d5a4                cutscene_red_coin_star_warp
                0x8012d764                cutscene_red_coin_star_set_fov
                0x8012d788                cutscene_red_coin_star
                0x8012d86c                cutscene_red_coin_star_end
                0x8012d8c0                cutscene_goto_cvar_pos
                0x8012dbb0                cutscene_prepare_cannon_start
                0x8012dc3c                cutscene_prepare_cannon_fly_to_cannon
                0x8012dca4                cannon_approach_prev
                0x8012dd38                cutscene_prepare_cannon_fly_back
                0x8012deac                cutscene_prepare_cannon
                0x8012df2c                cutscene_prepare_cannon_end
                0x8012df80                water_death_move_to_mario_side
                0x8012e010                death_goto_mario
                0x8012e04c                cutscene_death_standing_start
                0x8012e0c0                cutscene_death_standing_goto_mario
                0x8012e0f4                cutscene_death_standing
                0x8012e15c                cutscene_death_stomach_start
                0x8012e1e0                cutscene_death_stomach_goto_mario
                0x8012e24c                cutscene_death_stomach
                0x8012e2bc                cutscene_bbh_death_start
                0x8012e340                cutscene_bbh_death_goto_mario
                0x8012e380                cutscene_bbh_death
                0x8012e3f0                cutscene_quicksand_death_start
                0x8012e42c                cutscene_quicksand_death_goto_mario
                0x8012e484                cutscene_quicksand_death
                0x8012e548                cutscene_suffocation_fly_away
                0x8012e5d8                cutscene_suffocation_stay_above_gas
                0x8012e688                cutscene_suffocation_rotate
                0x8012e708                cutscene_suffocation
                0x8012e7a8                cutscene_enter_pool_start
                0x8012e874                cutscene_enter_pool_loop
                0x8012e8b0                cutscene_enter_pool
                0x8012e918                cutscene_pyramid_top_explode_start
                0x8012e984                cutscene_pyramid_top_explode_zoom_in
                0x8012e9b0                cutscene_pyramid_top_explode_focus
                0x8012ea18                cutscene_pyramid_top_explode_warp
                0x8012eb08                cutscene_pyramid_top_explode_closeup
                0x8012ebd8                cutscene_pyramid_top_explode_cam_shake
                0x8012ec04                cutscene_pyramid_top_explode_warp_back
                0x8012ec60                cutscene_pyramid_top_explode
                0x8012ed2c                cutscene_pyramid_top_explode_end
                0x8012ed6c                cutscene_enter_pyramid_top_start
                0x8012edc8                cutscene_enter_pyramid_top
                0x8012eef0                cutscene_dialog_start
                0x8012f040                cutscene_dialog_move_mario_shoulder
                0x8012f274                cutscene_dialog_create_dialog_box
                0x8012f2dc                cutscene_dialog
                0x8012f400                cutscene_dialog_set_flag
                0x8012f428                cutscene_dialog_end
                0x8012f470                cutscene_read_message_start
                0x8012f5b0                cutscene_read_message
                0x8012f718                cutscene_read_message_set_flag
                0x8012f740                cutscene_read_message_end
                0x8012f768                cutscene_exit_succ_start
                0x8012f808                cutscene_non_painting_set_cam_pos
                0x8012f97c                cutscene_non_painting_set_cam_focus
                0x8012faac                cutscene_exit_bowser_succ_focus_left
                0x8012faec                cutscene_exit_bowser_key_toss_shake
                0x8012fb34                cutscene_exit_succ_shake_landing
                0x8012fb60                cutscene_exit_bowser_succ
                0x8012fc14                cutscene_non_painting_end
                0x8012fcac                cutscene_exit_non_painting_succ_override_cvar
                0x8012fcf0                cutscene_exit_non_painting_succ
                0x8012fdac                cutscene_non_painting_death_start
                0x8012fe48                cutscene_intro_init
                0x8012feac                cutscene_intro_rotate_camera
                0x8012ff1c                cutscene_intro_zoom
                0x8012ff94                cutscene_intro
                0x80130000                cutscene_intro_end
                0x801300b0                cutscene_exit_bowser_death
                0x8013011c                cutscene_non_painting_death_override_offset
                0x801301e8                cutscene_non_painting_death
                0x80130280                cutscene_cap_switch_press_start
                0x80130304                cutscene_cap_switch_press_rotate_around_mario
                0x80130418                cutscene_cap_switch_press_lower_cam
                0x80130460                cutscene_cap_switch_press_approach_mario
                0x8013056c                cutscene_cap_switch_press_pan_left
                0x801305f0                cutscene_cap_switch_press_create_dialog
                0x80130660                cutscene_cap_switch_press
                0x80130800                cutscene_unlock_key_door_start
                0x801308c4                cutscene_unlock_key_door_approach_mario
                0x80130948                cutscene_unlock_key_door_focus_lock
                0x801309a4                cutscene_unlock_key_door_stub
                0x801309b8                cutscene_unlock_key_door_fly_back
                0x80130a3c                cutscene_unlock_key_door_fov_shake
                0x80130a68                cutscene_unlock_key_door
                0x80130b1c                cutscene_end_waving_start
                0x80130b48                cutscene_end_waving
                0x80130bd8                cutscene_credits_reset_spline
                0x80130c04                cutscene_credits
                0x801310a0                cutscene_sliding_doors_open_start
                0x80131160                cutscene_sliding_doors_open_set_cvars
                0x801311dc                cutscene_sliding_doors_go_under_doorway
                0x80131218                cutscene_sliding_doors_fly_back_up
                0x80131254                cutscene_sliding_doors_follow_mario
                0x80131378                cutscene_sliding_doors_open
                0x8013141c                cutscene_double_doors_end
                0x80131464                cutscene_enter_painting_stub
                0x80131478                cutscene_enter_painting
                0x80131774                cutscene_exit_painting_start
                0x80131910                cutscene_exit_painting_move_to_mario
                0x801319ac                cutscene_exit_painting_move_to_floor
                0x80131abc                cutscene_exit_painting
                0x80131b64                cutscene_unused_exit_start
                0x80131bf0                cutscene_unused_exit_focus_mario
                0x80131c90                cutscene_exit_painting_end
                0x80131d08                cutscene_enter_cannon_end
                0x80131d60                cutscene_enter_cannon_raise
                0x80131fac                cutscene_enter_cannon_start
                0x801320c4                cutscene_door_start
                0x80132118                cutscene_door_fix_cam
                0x8013216c                cutscene_door_loop
                0x801321b4                cutscene_door_move_behind_mario
                0x80132290                cutscene_door_follow_mario
                0x80132324                cutscene_door_end
                0x801323c8                cutscene_door_mode
                0x801324ac                play_cutscene
                0x801331e4                cutscene_event
                0x80133268                cutscene_spawn_obj
                0x801332a0                set_fov_shake
                0x80133308                set_fov_shake_from_point
                0x801333bc                shake_camera_fov
                0x801334d4                set_fov_30
                0x801334f8                approach_fov_20
                0x80133538                set_fov_45
                0x8013355c                set_fov_29
                0x80133580                zoom_fov_30
                0x801335e0                fov_default
                0x80133744                approach_fov_30
                0x80133780                approach_fov_60
                0x801337bc                approach_fov_45
                0x80133854                approach_fov_80
                0x80133890                set_fov_bbh
                0x80133928                geo_camera_fov
                0x80133a80                set_fov_function
                0x80133a9c                cutscene_set_fov_shake_preset
                0x80133b1c                set_fov_shake_from_point_preset
                0x80133de4                obj_rotate_towards_point
 build/jp/src/game/debug_course.o(.text)
 .text          0x80133e90       0x10 build/jp/src/game/debug_course.o
                0x80133e90                nop_change_course
 build/jp/src/game/object_list_processor.o(.text)
 .text          0x80133ea0     0x1100 build/jp/src/game/object_list_processor.o
                0x80133ea0                copy_mario_state_to_object
                0x801340ec                spawn_particle
                0x80134178                bhv_mario_update
                0x80134254                update_objects_starting_at
                0x801342e8                update_objects_during_time_stop
                0x80134448                update_objects_in_list
                0x801344b8                unload_deactivated_objects_in_list
                0x80134578                set_object_respawn_info_bits
                0x801345fc                unload_objects_from_area
                0x801346d0                spawn_objects_from_info
                0x801348f0                stub_obj_list_processor_1
                0x80134900                clear_objects
                0x80134a3c                update_terrain_objects
                0x80134a8c                update_non_terrain_objects
                0x80134b40                unload_deactivated_objects
                0x80134da8                update_objects
 build/jp/src/game/object_helpers.o(.text)
 .text          0x80134fa0     0x7cb0 build/jp/src/game/object_helpers.o
                0x80134fa0                geo_update_projectile_pos_from_parent
                0x80135034                geo_update_layer_transparency
                0x8013526c                geo_switch_anim_state
                0x801352f8                geo_switch_area
                0x801353f8                obj_update_pos_from_parent_transformation
                0x801354cc                obj_apply_scale_to_matrix
                0x801355a4                create_transformation_from_matrices
                0x801358d4                obj_set_held_state
                0x801359a0                lateral_dist_between_objects
                0x80135a1c                dist_between_objects
                0x80135abc                cur_obj_forward_vel_approach_upward
                0x80135b0c                approach_f32_signed
                0x80135bb8                approach_f32_symmetric
                0x80135c54                approach_s16_symmetric
                0x80135d10                cur_obj_rotate_yaw_toward
                0x80135db8                obj_angle_to_object
                0x80135e38                obj_turn_toward_object
                0x80135fe0                obj_set_parent_relative_pos
                0x80136038                obj_set_pos
                0x80136090                obj_set_angle
                0x801360d0                spawn_object_abs_with_rot
                0x80136148                spawn_object_rel_with_rot
                0x801361d0                spawn_obj_with_transform_flags
                0x80136228                spawn_water_droplet
                0x80136444                spawn_object_at_origin
                0x801364f0                spawn_object
                0x80136548                try_to_spawn_object
                0x801365dc                spawn_object_with_scale
                0x80136688                spawn_object_relative
                0x80136720                spawn_object_relative_with_scale
                0x80136794                cur_obj_move_using_vel
                0x801367ec                obj_copy_graph_y_offset
                0x80136804                obj_copy_pos_and_angle
                0x80136844                obj_copy_pos
                0x8013686c                obj_copy_angle
                0x801368ac                obj_set_gfx_pos_from_pos
                0x801368d4                obj_init_animation
                0x80136924                linear_mtxf_mul_vec3f
                0x80136998                linear_mtxf_transpose_mul_vec3f
                0x80136a10                obj_apply_scale_to_transform
                0x80136acc                obj_copy_scale
                0x80136af4                obj_scale_xyz
                0x80136b28                obj_scale
                0x80136b54                cur_obj_scale
                0x80136b88                cur_obj_init_animation
                0x80136bd8                cur_obj_init_animation_with_sound
                0x80136c38                cur_obj_init_animation_with_accel_and_sound
                0x80136cc0                obj_init_animation_with_sound
                0x80136d24                cur_obj_enable_rendering_and_become_tangible
                0x80136d44                cur_obj_enable_rendering
                0x80136d68                cur_obj_disable_rendering_and_become_intangible
                0x80136d90                cur_obj_disable_rendering
                0x80136db8                cur_obj_unhide
                0x80136de0                cur_obj_hide
                0x80136e04                cur_obj_set_pos_relative
                0x80136efc                cur_obj_set_pos_relative_to_parent
                0x80136f44                cur_obj_enable_rendering_2
                0x80136f6c                cur_obj_unused_init_on_floor
                0x80137010                obj_set_face_angle_to_move_angle
                0x80137038                get_object_list_from_behavior
                0x80137080                cur_obj_nearest_object_with_behavior
                0x801370bc                cur_obj_dist_to_nearest_object_with_behavior
                0x80137110                cur_obj_find_nearest_object_with_behavior
                0x80137240                find_unimportant_object
                0x8013728c                count_unimportant_objects
                0x80137300                count_objects_with_behavior
                0x801373c0                cur_obj_find_nearby_held_actor
                0x801374d8                cur_obj_change_action
                0x80137524                cur_obj_set_vel_from_mario_vel
                0x80137590                cur_obj_reverse_animation
                0x801375c8                cur_obj_extend_animation_if_at_end
                0x80137628                cur_obj_check_if_near_animation_end
                0x801376c8                cur_obj_check_if_at_animation_end
                0x8013772c                cur_obj_check_anim_frame
                0x80137774                cur_obj_check_anim_frame_in_range
                0x801377d0                cur_obj_check_frame_prior_current_frame
                0x80137838                mario_is_in_air_action
                0x80137878                mario_is_dive_sliding
                0x801378bc                cur_obj_set_y_vel_and_animation
                0x801378fc                cur_obj_unrender_set_action_and_anim
                0x80137aa4                cur_obj_get_thrown_or_placed
                0x80137b98                cur_obj_get_dropped
                0x80137be4                cur_obj_set_model
                0x80137c14                mario_set_flag
                0x80137c38                cur_obj_clear_interact_status_flag
                0x80137c8c                obj_mark_for_deletion
                0x80137ca0                cur_obj_disable
                0x80137cd8                cur_obj_become_intangible
                0x80137cf8                cur_obj_become_tangible
                0x80137d14                obj_become_tangible
                0x80137d28                cur_obj_update_floor_height
                0x80137d70                cur_obj_update_floor_height_and_get_floor
                0x80137ec0                cur_obj_apply_drag_xz
                0x8013858c                cur_obj_move_y
                0x80138860                cur_obj_unused_resolve_wall_collisions
                0x801388cc                abs_angle_diff
                0x80138930                cur_obj_move_xz_using_fvel_and_yaw
                0x801389c8                cur_obj_move_y_with_terminal_vel
                0x80138a2c                cur_obj_compute_vel_xz
                0x80138a94                increment_velocity_toward_range
                0x80138b48                obj_check_if_collided_with_object
                0x80138bb0                cur_obj_set_behavior
                0x80138be8                obj_set_behavior
                0x80138c20                cur_obj_has_behavior
                0x80138c78                obj_has_behavior
                0x80138cd0                cur_obj_lateral_dist_from_mario_to_home
                0x80138d58                cur_obj_lateral_dist_to_home
                0x80138dd0                cur_obj_outside_home_square
                0x80138e98                cur_obj_outside_home_rectangle
                0x80138f70                cur_obj_set_pos_to_home
                0x80138fb0                cur_obj_set_pos_to_home_and_stop
                0x80139000                cur_obj_shake_y
                0x80139054                cur_obj_start_cam_event